Archive member included to satisfy reference by file (symbol)

c:/siliconlabs/simplicitystudio/v5/developer/toolchains/gnu_arm/10.2_2020q4/bin/../lib/gcc/arm-none-eabi/10.2.1/thumb/v7e-m+fp/softfp\libgcc.a(_aeabi_ldivmod.o)
                              ./gecko_sdk_4.0.0/platform/emlib/src/em_usart.o (__aeabi_ldivmod)
c:/siliconlabs/simplicitystudio/v5/developer/toolchains/gnu_arm/10.2_2020q4/bin/../lib/gcc/arm-none-eabi/10.2.1/thumb/v7e-m+fp/softfp\libgcc.a(_aeabi_uldivmod.o)
                              ./gecko_sdk_4.0.0/platform/emlib/src/em_usart.o (__aeabi_uldivmod)
c:/siliconlabs/simplicitystudio/v5/developer/toolchains/gnu_arm/10.2_2020q4/bin/../lib/gcc/arm-none-eabi/10.2.1/thumb/v7e-m+fp/softfp\libgcc.a(_udivmoddi4.o)
                              c:/siliconlabs/simplicitystudio/v5/developer/toolchains/gnu_arm/10.2_2020q4/bin/../lib/gcc/arm-none-eabi/10.2.1/thumb/v7e-m+fp/softfp\libgcc.a(_aeabi_ldivmod.o) (__udivmoddi4)
c:/siliconlabs/simplicitystudio/v5/developer/toolchains/gnu_arm/10.2_2020q4/bin/../lib/gcc/arm-none-eabi/10.2.1/thumb/v7e-m+fp/softfp\libgcc.a(_dvmd_tls.o)
                              c:/siliconlabs/simplicitystudio/v5/developer/toolchains/gnu_arm/10.2_2020q4/bin/../lib/gcc/arm-none-eabi/10.2.1/thumb/v7e-m+fp/softfp\libgcc.a(_aeabi_ldivmod.o) (__aeabi_ldiv0)
c:/siliconlabs/simplicitystudio/v5/developer/toolchains/gnu_arm/10.2_2020q4/bin/../lib/gcc/arm-none-eabi/10.2.1/../../../../arm-none-eabi/lib/thumb/v7e-m+fp/softfp\libc_nano.a(lib_a-exit.o)
                              c:/siliconlabs/simplicitystudio/v5/developer/toolchains/gnu_arm/10.2_2020q4/bin/../lib/gcc/arm-none-eabi/10.2.1/../../../../arm-none-eabi/lib/thumb/v7e-m+fp/softfp/crt0.o (exit)
c:/siliconlabs/simplicitystudio/v5/developer/toolchains/gnu_arm/10.2_2020q4/bin/../lib/gcc/arm-none-eabi/10.2.1/../../../../arm-none-eabi/lib/thumb/v7e-m+fp/softfp\libc_nano.a(lib_a-impure.o)
                              c:/siliconlabs/simplicitystudio/v5/developer/toolchains/gnu_arm/10.2_2020q4/bin/../lib/gcc/arm-none-eabi/10.2.1/../../../../arm-none-eabi/lib/thumb/v7e-m+fp/softfp\libc_nano.a(lib_a-exit.o) (_global_impure_ptr)
c:/siliconlabs/simplicitystudio/v5/developer/toolchains/gnu_arm/10.2_2020q4/bin/../lib/gcc/arm-none-eabi/10.2.1/../../../../arm-none-eabi/lib/thumb/v7e-m+fp/softfp\libc_nano.a(lib_a-init.o)
                              c:/siliconlabs/simplicitystudio/v5/developer/toolchains/gnu_arm/10.2_2020q4/bin/../lib/gcc/arm-none-eabi/10.2.1/../../../../arm-none-eabi/lib/thumb/v7e-m+fp/softfp/crt0.o (__libc_init_array)
c:/siliconlabs/simplicitystudio/v5/developer/toolchains/gnu_arm/10.2_2020q4/bin/../lib/gcc/arm-none-eabi/10.2.1/../../../../arm-none-eabi/lib/thumb/v7e-m+fp/softfp\libc_nano.a(lib_a-memset.o)
                              c:/siliconlabs/simplicitystudio/v5/developer/toolchains/gnu_arm/10.2_2020q4/bin/../lib/gcc/arm-none-eabi/10.2.1/../../../../arm-none-eabi/lib/thumb/v7e-m+fp/softfp/crt0.o (memset)
c:/siliconlabs/simplicitystudio/v5/developer/toolchains/gnu_arm/10.2_2020q4/bin/../lib/gcc/arm-none-eabi/10.2.1/../../../../arm-none-eabi/lib/thumb/v7e-m+fp/softfp\libc_nano.a(lib_a-rand.o)
                              ./app.o (rand)
c:/siliconlabs/simplicitystudio/v5/developer/toolchains/gnu_arm/10.2_2020q4/bin/../lib/gcc/arm-none-eabi/10.2.1/../../../../arm-none-eabi/lib/thumb/v7e-m+fp/softfp\libc_nano.a(lib_a-assert.o)
                              c:/siliconlabs/simplicitystudio/v5/developer/toolchains/gnu_arm/10.2_2020q4/bin/../lib/gcc/arm-none-eabi/10.2.1/../../../../arm-none-eabi/lib/thumb/v7e-m+fp/softfp\libc_nano.a(lib_a-rand.o) (__assert_func)
c:/siliconlabs/simplicitystudio/v5/developer/toolchains/gnu_arm/10.2_2020q4/bin/../lib/gcc/arm-none-eabi/10.2.1/../../../../arm-none-eabi/lib/thumb/v7e-m+fp/softfp\libc_nano.a(lib_a-fprintf.o)
                              c:/siliconlabs/simplicitystudio/v5/developer/toolchains/gnu_arm/10.2_2020q4/bin/../lib/gcc/arm-none-eabi/10.2.1/../../../../arm-none-eabi/lib/thumb/v7e-m+fp/softfp\libc_nano.a(lib_a-assert.o) (fiprintf)
c:/siliconlabs/simplicitystudio/v5/developer/toolchains/gnu_arm/10.2_2020q4/bin/../lib/gcc/arm-none-eabi/10.2.1/../../../../arm-none-eabi/lib/thumb/v7e-m+fp/softfp\libc_nano.a(lib_a-malloc.o)
                              c:/siliconlabs/simplicitystudio/v5/developer/toolchains/gnu_arm/10.2_2020q4/bin/../lib/gcc/arm-none-eabi/10.2.1/../../../../arm-none-eabi/lib/thumb/v7e-m+fp/softfp\libc_nano.a(lib_a-rand.o) (malloc)
c:/siliconlabs/simplicitystudio/v5/developer/toolchains/gnu_arm/10.2_2020q4/bin/../lib/gcc/arm-none-eabi/10.2.1/../../../../arm-none-eabi/lib/thumb/v7e-m+fp/softfp\libc_nano.a(lib_a-nano-freer.o)
                              c:/siliconlabs/simplicitystudio/v5/developer/toolchains/gnu_arm/10.2_2020q4/bin/../lib/gcc/arm-none-eabi/10.2.1/../../../../arm-none-eabi/lib/thumb/v7e-m+fp/softfp\libc_nano.a(lib_a-malloc.o) (_free_r)
[...]
Memory Configuration

Name             Origin             Length             Attributes
FLASH            0x00000000         0x00200000         xr
RAM              0x20000000         0x00080000         xrw
*default*        0x00000000         0xffffffff

Linker script and memory map

LOAD c:/siliconlabs/simplicitystudio/v5/developer/toolchains/gnu_arm/10.2_2020q4/bin/../lib/gcc/arm-none-eabi/10.2.1/thumb/v7e-m+fp/softfp/crti.o
LOAD c:/siliconlabs/simplicitystudio/v5/developer/toolchains/gnu_arm/10.2_2020q4/bin/../lib/gcc/arm-none-eabi/10.2.1/thumb/v7e-m+fp/softfp/crtbegin.o
LOAD c:/siliconlabs/simplicitystudio/v5/developer/toolchains/gnu_arm/10.2_2020q4/bin/../lib/gcc/arm-none-eabi/10.2.1/../../../../arm-none-eabi/lib/thumb/v7e-m+fp/softfp/crt0.o
START GROUP
LOAD ./WS2812-Driver.o
LOAD ./app.o
LOAD ./colors.o
LOAD ./main.o
LOAD ./autogen/sl_board_default_init.o
LOAD ./autogen/sl_device_init_clocks.o
LOAD ./autogen/sl_event_handler.o
LOAD ./gecko_sdk_4.0.0/hardware/board/src/sl_board_control_gpio.o
LOAD ./gecko_sdk_4.0.0/hardware/board/src/sl_board_init.o
LOAD ./gecko_sdk_4.0.0/platform/Device/SiliconLabs/EFM32GG11B/Source/GCC/startup_efm32gg11b.o
LOAD ./gecko_sdk_4.0.0/platform/Device/SiliconLabs/EFM32GG11B/Source/system_efm32gg11b.o
LOAD ./gecko_sdk_4.0.0/platform/common/toolchain/src/sl_memory.o
LOAD ./gecko_sdk_4.0.0/platform/emlib/src/em_assert.o
LOAD ./gecko_sdk_4.0.0/platform/emlib/src/em_cmu.o
LOAD ./gecko_sdk_4.0.0/platform/emlib/src/em_core.o
LOAD ./gecko_sdk_4.0.0/platform/emlib/src/em_emu.o
LOAD ./gecko_sdk_4.0.0/platform/emlib/src/em_gpio.o
LOAD ./gecko_sdk_4.0.0/platform/emlib/src/em_ldma.o
LOAD ./gecko_sdk_4.0.0/platform/emlib/src/em_letimer.o
LOAD ./gecko_sdk_4.0.0/platform/emlib/src/em_system.o
LOAD ./gecko_sdk_4.0.0/platform/emlib/src/em_usart.o
LOAD ./gecko_sdk_4.0.0/platform/service/device_init/src/sl_device_init_dcdc_s1.o
LOAD ./gecko_sdk_4.0.0/platform/service/device_init/src/sl_device_init_emu_s1.o
LOAD ./gecko_sdk_4.0.0/platform/service/device_init/src/sl_device_init_hfxo_s1.o
LOAD ./gecko_sdk_4.0.0/platform/service/device_init/src/sl_device_init_lfxo_s1.o
LOAD ./gecko_sdk_4.0.0/platform/service/device_init/src/sl_device_init_nvic.o
LOAD ./gecko_sdk_4.0.0/platform/service/system/src/sl_system_init.o
LOAD ./gecko_sdk_4.0.0/platform/service/system/src/sl_system_process_action.o
LOAD c:/siliconlabs/simplicitystudio/v5/developer/toolchains/gnu_arm/10.2_2020q4/bin/../lib/gcc/arm-none-eabi/10.2.1/thumb/v7e-m+fp/softfp\libgcc.a
LOAD c:/siliconlabs/simplicitystudio/v5/developer/toolchains/gnu_arm/10.2_2020q4/bin/../lib/gcc/arm-none-eabi/10.2.1/../../../../arm-none-eabi/lib/thumb/v7e-m+fp/softfp\libc_nano.a
LOAD c:/siliconlabs/simplicitystudio/v5/developer/toolchains/gnu_arm/10.2_2020q4/bin/../lib/gcc/arm-none-eabi/10.2.1/../../../../arm-none-eabi/lib/thumb/v7e-m+fp/softfp\libm.a
LOAD c:/siliconlabs/simplicitystudio/v5/developer/toolchains/gnu_arm/10.2_2020q4/bin/../lib/gcc/arm-none-eabi/10.2.1/../../../../arm-none-eabi/lib/thumb/v7e-m+fp/softfp\libnosys.a
END GROUP
START GROUP
LOAD c:/siliconlabs/simplicitystudio/v5/developer/toolchains/gnu_arm/10.2_2020q4/bin/../lib/gcc/arm-none-eabi/10.2.1/thumb/v7e-m+fp/softfp\libgcc.a
LOAD c:/siliconlabs/simplicitystudio/v5/developer/toolchains/gnu_arm/10.2_2020q4/bin/../lib/gcc/arm-none-eabi/10.2.1/../../../../arm-none-eabi/lib/thumb/v7e-m+fp/softfp\libc_nano.a
LOAD c:/siliconlabs/simplicitystudio/v5/developer/toolchains/gnu_arm/10.2_2020q4/bin/../lib/gcc/arm-none-eabi/10.2.1/../../../../arm-none-eabi/lib/thumb/v7e-m+fp/softfp\libnosys.a
END GROUP
START GROUP
LOAD c:/siliconlabs/simplicitystudio/v5/developer/toolchains/gnu_arm/10.2_2020q4/bin/../lib/gcc/arm-none-eabi/10.2.1/thumb/v7e-m+fp/softfp\libgcc.a
LOAD c:/siliconlabs/simplicitystudio/v5/developer/toolchains/gnu_arm/10.2_2020q4/bin/../lib/gcc/arm-none-eabi/10.2.1/../../../../arm-none-eabi/lib/thumb/v7e-m+fp/softfp\libg_nano.a
LOAD c:/siliconlabs/simplicitystudio/v5/developer/toolchains/gnu_arm/10.2_2020q4/bin/../lib/gcc/arm-none-eabi/10.2.1/../../../../arm-none-eabi/lib/thumb/v7e-m+fp/softfp\libc_nano.a
END GROUP
START GROUP
LOAD c:/siliconlabs/simplicitystudio/v5/developer/toolchains/gnu_arm/10.2_2020q4/bin/../lib/gcc/arm-none-eabi/10.2.1/thumb/v7e-m+fp/softfp\libgcc.a
LOAD c:/siliconlabs/simplicitystudio/v5/developer/toolchains/gnu_arm/10.2_2020q4/bin/../lib/gcc/arm-none-eabi/10.2.1/../../../../arm-none-eabi/lib/thumb/v7e-m+fp/softfp\libc_nano.a
END GROUP
LOAD c:/siliconlabs/simplicitystudio/v5/developer/toolchains/gnu_arm/10.2_2020q4/bin/../lib/gcc/arm-none-eabi/10.2.1/thumb/v7e-m+fp/softfp/crtend.o
LOAD c:/siliconlabs/simplicitystudio/v5/developer/toolchains/gnu_arm/10.2_2020q4/bin/../lib/gcc/arm-none-eabi/10.2.1/thumb/v7e-m+fp/softfp/crtn.o

.text           0x00000000     0x453c
                0x00000000                linker_vectors_begin = .
 *(.vectors)
 .vectors       0x00000000      0x150 ./gecko_sdk_4.0.0/platform/Device/SiliconLabs/EFM32GG11B/Source/GCC/startup_efm32gg11b.o
                0x00000000                __Vectors
                0x00000150                linker_vectors_end = .
                0x00000150                __Vectors_End = .
                0x00000150                __Vectors_Size = (__Vectors_End - __Vectors)
                0x00000150                linker_code_begin = .
 *(.text*)
 .text          0x00000150       0x40 c:/siliconlabs/simplicitystudio/v5/developer/toolchains/gnu_arm/10.2_2020q4/bin/../lib/gcc/arm-none-eabi/10.2.1/thumb/v7e-m+fp/softfp/crtbegin.o
 .text          0x00000190       0x7c c:/siliconlabs/simplicitystudio/v5/developer/toolchains/gnu_arm/10.2_2020q4/bin/../lib/gcc/arm-none-eabi/10.2.1/../../../../arm-none-eabi/lib/thumb/v7e-m+fp/softfp/crt0.o
                0x00000190                _stack_init
                0x00000198                _start
                0x00000198                _mainCRTStartup
 .text.setColorBuffer
                0x0000020c       0x4c ./WS2812-Driver.o
                0x0000020c                setColorBuffer
 .text.initSerialOutput
                0x00000258       0x70 ./WS2812-Driver.o
                0x00000258                initSerialOutput
 .text.initLDMA
                0x000002c8       0x60 ./WS2812-Driver.o
                0x000002c8                initLDMA
 .text.colorTest
                0x00000328      0x11c ./app.o
                0x00000328                colorTest
 .text.LDMA_IRQHandler
                0x00000444        0xc ./app.o
                0x00000444                LDMA_IRQHandler
 .text.LETIMER0_IRQHandler
                0x00000450       0x18 ./app.o
                0x00000450                LETIMER0_IRQHandler
 .text.startColorTest
                0x00000468       0x78 ./app.o
                0x00000468                startColorTest
 .text.app_init
                0x000004e0       0x70 ./app.o
                0x000004e0                app_init
 .text.app_process_action
                0x00000550        0x2 ./app.o
                0x00000550                app_process_action
 .text.reduceColorBrightness
                0x00000552       0x46 ./colors.o
                0x00000552                reduceColorBrightness
 .text.startup.main
                0x00000598       0x14 ./main.o
                0x00000598                main
 .text.sl_board_default_init
                0x000005ac        0x2 ./autogen/sl_board_default_init.o
                0x000005ac                sl_board_default_init
 *fill*         0x000005ae        0x2 
 .text.sl_device_init_clocks
                0x000005b0       0x4c ./autogen/sl_device_init_clocks.o
                0x000005b0                sl_device_init_clocks
 .text.sl_platform_init
                0x000005fc       0x84 ./autogen/sl_event_handler.o
                0x000005fc                sl_platform_init
 .text.sl_driver_init
                0x00000680        0x2 ./autogen/sl_event_handler.o
                0x00000680                sl_driver_init
 .text.sl_service_init
                0x00000682        0x4 ./autogen/sl_event_handler.o
                0x00000682                sl_service_init
 .text.sl_stack_init
                0x00000686        0x2 ./autogen/sl_event_handler.o
                0x00000686                sl_stack_init
 .text.sl_internal_app_init
                0x00000688        0x2 ./autogen/sl_event_handler.o
                0x00000688                sl_internal_app_init
 .text.sl_platform_process_action
                0x0000068a        0x2 ./autogen/sl_event_handler.o
                0x0000068a                sl_platform_process_action
 .text.sl_service_process_action
                0x0000068c        0x2 ./autogen/sl_event_handler.o
                0x0000068c                sl_service_process_action
 .text.sl_stack_process_action
                0x0000068e        0x2 ./autogen/sl_event_handler.o
                0x0000068e                sl_stack_process_action
 .text.sl_internal_app_process_action
                0x00000690        0x2 ./autogen/sl_event_handler.o
                0x00000690                sl_internal_app_process_action
 .text.sl_board_configure_vcom
                0x00000692        0x4 ./gecko_sdk_4.0.0/hardware/board/src/sl_board_control_gpio.o
                0x00000692                sl_board_configure_vcom
 *fill*         0x00000696        0x2 
 .text.sl_board_init
                0x00000698       0x18 ./gecko_sdk_4.0.0/hardware/board/src/sl_board_init.o
                0x00000698                sl_board_init
 .text.sl_board_preinit
                0x000006b0        0xc ./gecko_sdk_4.0.0/hardware/board/src/sl_board_init.o
                0x000006b0                sl_board_preinit
 .text.Default_Handler
                0x000006bc        0x2 ./gecko_sdk_4.0.0/platform/Device/SiliconLabs/EFM32GG11B/Source/GCC/startup_efm32gg11b.o
                0x000006bc                TIMER2_IRQHandler
                0x000006bc                DebugMon_Handler
                0x000006bc                TIMER5_IRQHandler
                0x000006bc                USART0_TX_IRQHandler
                0x000006bc                USART5_RX_IRQHandler
                0x000006bc                I2C0_IRQHandler
                0x000006bc                HardFault_Handler
                0x000006bc                LEUART1_IRQHandler
                0x000006bc                SysTick_Handler
                0x000006bc                SDIO_IRQHandler
                0x000006bc                USART1_RX_IRQHandler
                0x000006bc                PendSV_Handler
                0x000006bc                NMI_Handler
                0x000006bc                I2C1_IRQHandler
                0x000006bc                CAN1_IRQHandler
                0x000006bc                WTIMER0_IRQHandler
                0x000006bc                WTIMER3_IRQHandler
                0x000006bc                CRYPTO0_IRQHandler
                0x000006bc                WDOG0_IRQHandler
                0x000006bc                TIMER3_IRQHandler
                0x000006bc                USART1_TX_IRQHandler
                0x000006bc                USART4_RX_IRQHandler
                0x000006bc                SMU_IRQHandler
                0x000006bc                MSC_IRQHandler
                0x000006bc                ADC0_IRQHandler
                0x000006bc                UsageFault_Handler
                0x000006bc                WDOG1_IRQHandler
                0x000006bc                LEUART0_IRQHandler
                0x000006bc                TIMER4_IRQHandler
                0x000006bc                FPUEH_IRQHandler
                0x000006bc                WTIMER1_IRQHandler
                0x000006bc                GPIO_EVEN_IRQHandler
                0x000006bc                UART0_TX_IRQHandler
                0x000006bc                UART1_TX_IRQHandler
                0x000006bc                VDAC0_IRQHandler
                0x000006bc                QSPI0_IRQHandler
                0x000006bc                TIMER6_IRQHandler
                0x000006bc                CSEN_IRQHandler
                0x000006bc                ADC1_IRQHandler
                0x000006bc                I2C2_IRQHandler
                0x000006bc                RTC_IRQHandler
                0x000006bc                TIMER0_IRQHandler
                0x000006bc                LCD_IRQHandler
                0x000006bc                PCNT2_IRQHandler
                0x000006bc                UART0_RX_IRQHandler
                0x000006bc                WTIMER2_IRQHandler
                0x000006bc                TIMER1_IRQHandler
                0x000006bc                TRNG0_IRQHandler
                0x000006bc                USART2_RX_IRQHandler
                0x000006bc                Default_Handler
                0x000006bc                EMU_IRQHandler
                0x000006bc                CRYOTIMER_IRQHandler
                0x000006bc                PCNT0_IRQHandler
                0x000006bc                sl_app_properties
                0x000006bc                USB_IRQHandler
                0x000006bc                USART4_TX_IRQHandler
                0x000006bc                PCNT1_IRQHandler
                0x000006bc                ACMP0_IRQHandler
                0x000006bc                USART0_RX_IRQHandler
                0x000006bc                USART5_TX_IRQHandler
                0x000006bc                MemManage_Handler
                0x000006bc                SVC_Handler
                0x000006bc                USART3_RX_IRQHandler
                0x000006bc                RTCC_IRQHandler
                0x000006bc                UART1_RX_IRQHandler
                0x000006bc                ETH_IRQHandler
                0x000006bc                CMU_IRQHandler
                0x000006bc                EBI_IRQHandler
                0x000006bc                CAN0_IRQHandler
                0x000006bc                GPIO_ODD_IRQHandler
                0x000006bc                LESENSE_IRQHandler
                0x000006bc                USART3_TX_IRQHandler
                0x000006bc                LETIMER1_IRQHandler
                0x000006bc                ACMP2_IRQHandler
                0x000006bc                BusFault_Handler
                0x000006bc                USART2_TX_IRQHandler
                0x000006bc                IDAC0_IRQHandler
 *fill*         0x000006be        0x2 
 .text.Reset_Handler
                0x000006c0       0x2c ./gecko_sdk_4.0.0/platform/Device/SiliconLabs/EFM32GG11B/Source/GCC/startup_efm32gg11b.o
                0x000006c0                Reset_Handler
 .text.SystemMaxCoreClockGet
                0x000006ec        0x8 ./gecko_sdk_4.0.0/platform/Device/SiliconLabs/EFM32GG11B/Source/system_efm32gg11b.o
                0x000006ec                SystemMaxCoreClockGet
 .text.SystemHFClockGet
                0x000006f4       0x74 ./gecko_sdk_4.0.0/platform/Device/SiliconLabs/EFM32GG11B/Source/system_efm32gg11b.o
                0x000006f4                SystemHFClockGet
 .text.SystemCoreClockGet
                0x00000768       0x24 ./gecko_sdk_4.0.0/platform/Device/SiliconLabs/EFM32GG11B/Source/system_efm32gg11b.o
                0x00000768                SystemCoreClockGet
 .text.SystemHFXOClockGet
                0x0000078c        0xc ./gecko_sdk_4.0.0/platform/Device/SiliconLabs/EFM32GG11B/Source/system_efm32gg11b.o
                0x0000078c                SystemHFXOClockGet
 .text.SystemHFXOClockSet
                0x00000798       0x20 ./gecko_sdk_4.0.0/platform/Device/SiliconLabs/EFM32GG11B/Source/system_efm32gg11b.o
                0x00000798                SystemHFXOClockSet
 .text.SystemInit
                0x000007b8       0x1c ./gecko_sdk_4.0.0/platform/Device/SiliconLabs/EFM32GG11B/Source/system_efm32gg11b.o
                0x000007b8                SystemInit
 .text.SystemLFRCOClockGet
                0x000007d4        0x6 ./gecko_sdk_4.0.0/platform/Device/SiliconLabs/EFM32GG11B/Source/system_efm32gg11b.o
                0x000007d4                SystemLFRCOClockGet
 .text.SystemULFRCOClockGet
                0x000007da        0x6 ./gecko_sdk_4.0.0/platform/Device/SiliconLabs/EFM32GG11B/Source/system_efm32gg11b.o
                0x000007da                SystemULFRCOClockGet
 .text.SystemLFXOClockGet
                0x000007e0        0xc ./gecko_sdk_4.0.0/platform/Device/SiliconLabs/EFM32GG11B/Source/system_efm32gg11b.o
                0x000007e0                SystemLFXOClockGet
 .text._sbrk    0x000007ec       0x20 ./gecko_sdk_4.0.0/platform/common/toolchain/src/sl_memory.o
                0x000007ec                _sbrk
 .text.assertEFM
                0x0000080c        0x2 ./gecko_sdk_4.0.0/platform/emlib/src/em_assert.o
                0x0000080c                assertEFM
 *fill*         0x0000080e        0x2 
 .text.setHfLeConfig
                0x00000810       0x44 ./gecko_sdk_4.0.0/platform/emlib/src/em_cmu.o
 .text.flashWaitStateControl
                0x00000854       0x54 ./gecko_sdk_4.0.0/platform/emlib/src/em_cmu.o
 .text.SL_Log2ToDiv
                0x000008a8       0x1c ./gecko_sdk_4.0.0/platform/emlib/src/em_cmu.o
 .text.flashWaitStateMax
                0x000008c4       0x20 ./gecko_sdk_4.0.0/platform/emlib/src/em_cmu.o
 .text.EMU_VScaleWait
                0x000008e4       0x1c ./gecko_sdk_4.0.0/platform/emlib/src/em_cmu.o
 .text.EMU_VScaleGet
                0x00000900       0x14 ./gecko_sdk_4.0.0/platform/emlib/src/em_cmu.o
 .text.syncReg  0x00000914       0x18 ./gecko_sdk_4.0.0/platform/emlib/src/em_cmu.o
 .text.CMU_PrescToLog2
                0x0000092c       0x3c ./gecko_sdk_4.0.0/platform/emlib/src/em_cmu.o
 .text.CMU_UpdateWaitStates
                0x00000968       0x6c ./gecko_sdk_4.0.0/platform/emlib/src/em_cmu.o
                0x00000968                CMU_UpdateWaitStates
 .text.CMU_ClockEnable
                0x000009d4       0xd4 ./gecko_sdk_4.0.0/platform/emlib/src/em_cmu.o
                0x000009d4                CMU_ClockEnable
 .text.CMU_ClockPrescGet
                0x00000aa8      0x198 ./gecko_sdk_4.0.0/platform/emlib/src/em_cmu.o
                0x00000aa8                CMU_ClockPrescGet
 .text.CMU_ClockDivGet
                0x00000c40        0xa ./gecko_sdk_4.0.0/platform/emlib/src/em_cmu.o
                0x00000c40                CMU_ClockDivGet
 *fill*         0x00000c4a        0x2 
 .text.CMU_ClockPrescSet
                0x00000c4c      0x454 ./gecko_sdk_4.0.0/platform/emlib/src/em_cmu.o
                0x00000c4c                CMU_ClockPrescSet
 .text.hfperClkSafePrescaler
                0x000010a0       0x2c ./gecko_sdk_4.0.0/platform/emlib/src/em_cmu.o
 .text.hfperClkOptimizedPrescaler
                0x000010cc       0x9c ./gecko_sdk_4.0.0/platform/emlib/src/em_cmu.o
 .text.CMU_ClockSelectGet
                0x00001168      0x144 ./gecko_sdk_4.0.0/platform/emlib/src/em_cmu.o
                0x00001168                CMU_ClockSelectGet
 .text.lfClkGet
                0x000012ac       0xe0 ./gecko_sdk_4.0.0/platform/emlib/src/em_cmu.o
 .text.adcAsyncClkGet
                0x0000138c       0x64 ./gecko_sdk_4.0.0/platform/emlib/src/em_cmu.o
 .text.CMU_ClockFreqGet
                0x000013f0      0x358 ./gecko_sdk_4.0.0/platform/emlib/src/em_cmu.o
                0x000013f0                CMU_ClockFreqGet
 .text.CMU_LFXOPrecisionSet
                0x00001748        0xc ./gecko_sdk_4.0.0/platform/emlib/src/em_cmu.o
                0x00001748                CMU_LFXOPrecisionSet
 .text.CMU_OscillatorTuningWait
                0x00001754       0x4c ./gecko_sdk_4.0.0/platform/emlib/src/em_cmu.o
                0x00001754                CMU_OscillatorTuningWait
 .text.CMU_OscillatorEnable
                0x000017a0      0x128 ./gecko_sdk_4.0.0/platform/emlib/src/em_cmu.o
                0x000017a0                CMU_OscillatorEnable
 .text.CMU_ClockSelectSet
                0x000018c8      0x3fc ./gecko_sdk_4.0.0/platform/emlib/src/em_cmu.o
                0x000018c8                CMU_ClockSelectSet
 .text.CMU_HFXOInit
                0x00001cc4       0x9c ./gecko_sdk_4.0.0/platform/emlib/src/em_cmu.o
                0x00001cc4                CMU_HFXOInit
 .text.CMU_LFXOInit
                0x00001d60       0x58 ./gecko_sdk_4.0.0/platform/emlib/src/em_cmu.o
                0x00001d60                CMU_LFXOInit
 .text.CORE_EnterCritical
                0x00001db8        0x8 ./gecko_sdk_4.0.0/platform/emlib/src/em_core.o
                0x00001db8                CORE_EnterCritical
 .text.CORE_ExitCritical
                0x00001dc0        0x6 ./gecko_sdk_4.0.0/platform/emlib/src/em_core.o
                0x00001dc0                CORE_ExitCritical
 .text.CORE_EnterAtomic
                0x00001dc6        0xc ./gecko_sdk_4.0.0/platform/emlib/src/em_core.o
                0x00001dc6                CORE_EnterAtomic
 .text.CORE_ExitAtomic
                0x00001dd2        0x6 ./gecko_sdk_4.0.0/platform/emlib/src/em_core.o
                0x00001dd2                CORE_ExitAtomic
 .text.EMU_LDOStatusGet
                0x00001dd8       0x14 ./gecko_sdk_4.0.0/platform/emlib/src/em_emu.o
 .text.lpGetDevinfoVrefLowHigh
                0x00001dec       0xa8 ./gecko_sdk_4.0.0/platform/emlib/src/em_emu.o
 .text.EMU_VScaleWait
                0x00001e94       0x18 ./gecko_sdk_4.0.0/platform/emlib/src/em_emu.o
 .text.vScaleDownEM23Setup
                0x00001eac       0x44 ./gecko_sdk_4.0.0/platform/emlib/src/em_emu.o
 .text.vScaleAfterWakeup
                0x00001ef0       0x2c ./gecko_sdk_4.0.0/platform/emlib/src/em_emu.o
 .text.emState.part.0
                0x00001f1c       0xbc ./gecko_sdk_4.0.0/platform/emlib/src/em_emu.o
 .text.lpCmpHystCalibrationLoad.constprop.0
                0x00001fd8       0x78 ./gecko_sdk_4.0.0/platform/emlib/src/em_emu.o
 .text.emState.constprop.0
                0x00002050       0x48 ./gecko_sdk_4.0.0/platform/emlib/src/em_emu.o
 .text.EMU_EM23PresleepHook
                0x00002098        0x2 ./gecko_sdk_4.0.0/platform/emlib/src/em_emu.o
                0x00002098                EMU_EM23PresleepHook
 .text.EMU_EFPEM23PresleepHook
                0x0000209a        0x2 ./gecko_sdk_4.0.0/platform/emlib/src/em_emu.o
                0x0000209a                EMU_EFPEM23PresleepHook
 .text.EMU_EM23PostsleepHook
                0x0000209c        0x2 ./gecko_sdk_4.0.0/platform/emlib/src/em_emu.o
                0x0000209c                EMU_EM23PostsleepHook
 .text.EMU_EFPEM23PostsleepHook
                0x0000209e        0x2 ./gecko_sdk_4.0.0/platform/emlib/src/em_emu.o
                0x0000209e                EMU_EFPEM23PostsleepHook
 .text.EMU_EnterEM2
                0x000020a0       0x70 ./gecko_sdk_4.0.0/platform/emlib/src/em_emu.o
                0x000020a0                EMU_EnterEM2
 .text.EMU_EM4Init
                0x00002110       0x54 ./gecko_sdk_4.0.0/platform/emlib/src/em_emu.o
                0x00002110                EMU_EM4Init
 .text.EMU_VScaleEM01
                0x00002164       0x80 ./gecko_sdk_4.0.0/platform/emlib/src/em_emu.o
                0x00002164                EMU_VScaleEM01
 .text.EMU_VScaleEM01ByClock
                0x000021e4       0x50 ./gecko_sdk_4.0.0/platform/emlib/src/em_emu.o
                0x000021e4                EMU_VScaleEM01ByClock
 .text.EMU_DCDCModeSet
                0x00002234       0x94 ./gecko_sdk_4.0.0/platform/emlib/src/em_emu.o
                0x00002234                EMU_DCDCModeSet
 .text.EMU_DCDCOutputVoltageSet
                0x000022c8      0x18c ./gecko_sdk_4.0.0/platform/emlib/src/em_emu.o
                0x000022c8                EMU_DCDCOutputVoltageSet
 .text.EMU_DCDCOptimizeSlice
                0x00002454       0xe0 ./gecko_sdk_4.0.0/platform/emlib/src/em_emu.o
                0x00002454                EMU_DCDCOptimizeSlice
 .text.EMU_DCDCLnRcoBandSet
                0x00002534       0x44 ./gecko_sdk_4.0.0/platform/emlib/src/em_emu.o
                0x00002534                EMU_DCDCLnRcoBandSet
 .text.EMU_DCDCInit
                0x00002578      0x170 ./gecko_sdk_4.0.0/platform/emlib/src/em_emu.o
                0x00002578                EMU_DCDCInit
 .text.GPIO_PinOutSet
                0x000026e8       0x38 ./gecko_sdk_4.0.0/platform/emlib/src/em_gpio.o
 .text.GPIO_PinOutClear
                0x00002720       0x38 ./gecko_sdk_4.0.0/platform/emlib/src/em_gpio.o
 .text.BUS_RegMaskedWrite
                0x00002758       0x22 ./gecko_sdk_4.0.0/platform/emlib/src/em_gpio.o
 *fill*         0x0000277a        0x2 
 .text.GPIO_PinModeSet
                0x0000277c       0x88 ./gecko_sdk_4.0.0/platform/emlib/src/em_gpio.o
                0x0000277c                GPIO_PinModeSet
 .text.LDMA_Init
                0x00002804       0x80 ./gecko_sdk_4.0.0/platform/emlib/src/em_ldma.o
                0x00002804                LDMA_Init
 .text.LDMA_StartTransfer
                0x00002884      0x10c ./gecko_sdk_4.0.0/platform/emlib/src/em_ldma.o
                0x00002884                LDMA_StartTransfer
 .text.LETIMER_Enable
                0x00002990       0x38 ./gecko_sdk_4.0.0/platform/emlib/src/em_letimer.o
                0x00002990                LETIMER_Enable
 .text.LETIMER_Init
                0x000029c8       0x98 ./gecko_sdk_4.0.0/platform/emlib/src/em_letimer.o
                0x000029c8                LETIMER_Init
 .text.USART_BaudrateSyncSet
                0x00002a60       0x5c ./gecko_sdk_4.0.0/platform/emlib/src/em_usart.o
                0x00002a60                USART_BaudrateSyncSet
 .text.USART_Enable
                0x00002abc       0x64 ./gecko_sdk_4.0.0/platform/emlib/src/em_usart.o
                0x00002abc                USART_Enable
 .text.USART_Reset
                0x00002b20       0xac ./gecko_sdk_4.0.0/platform/emlib/src/em_usart.o
                0x00002b20                USART_Reset
 .text.USART_InitSync
                0x00002bcc       0xc4 ./gecko_sdk_4.0.0/platform/emlib/src/em_usart.o
                0x00002bcc                USART_InitSync
 .text.sl_device_init_dcdc
                0x00002c90       0x2c ./gecko_sdk_4.0.0/platform/service/device_init/src/sl_device_init_dcdc_s1.o
                0x00002c90                sl_device_init_dcdc
 .text.sl_device_init_emu
                0x00002cbc       0x1c ./gecko_sdk_4.0.0/platform/service/device_init/src/sl_device_init_emu_s1.o
                0x00002cbc                sl_device_init_emu
 .text.sl_device_init_hfxo
                0x00002cd8       0x5c ./gecko_sdk_4.0.0/platform/service/device_init/src/sl_device_init_hfxo_s1.o
                0x00002cd8                sl_device_init_hfxo
 .text.sl_device_init_lfxo
                0x00002d34       0x28 ./gecko_sdk_4.0.0/platform/service/device_init/src/sl_device_init_lfxo_s1.o
                0x00002d34                sl_device_init_lfxo
 .text.sl_device_init_nvic
                0x00002d5c       0x3c ./gecko_sdk_4.0.0/platform/service/device_init/src/sl_device_init_nvic.o
                0x00002d5c                sl_device_init_nvic
 .text.sl_system_init
                0x00002d98       0x1a ./gecko_sdk_4.0.0/platform/service/system/src/sl_system_init.o
                0x00002d98                sl_system_init
 .text.sl_system_process_action
                0x00002db2       0x16 ./gecko_sdk_4.0.0/platform/service/system/src/sl_system_process_action.o
                0x00002db2                sl_system_process_action
 .text.exit     0x00002dc8       0x28 c:/siliconlabs/simplicitystudio/v5/developer/toolchains/gnu_arm/10.2_2020q4/bin/../lib/gcc/arm-none-eabi/10.2.1/../../../../arm-none-eabi/lib/thumb/v7e-m+fp/softfp\libc_nano.a(lib_a-exit.o)
                0x00002dc8                exit
 .text.__libc_init_array
                0x00002df0       0x48 c:/siliconlabs/simplicitystudio/v5/developer/toolchains/gnu_arm/10.2_2020q4/bin/../lib/gcc/arm-none-eabi/10.2.1/../../../../arm-none-eabi/lib/thumb/v7e-m+fp/softfp\libc_nano.a(lib_a-init.o)
                0x00002df0                __libc_init_array
 .text.memset   0x00002e38       0x10 c:/siliconlabs/simplicitystudio/v5/developer/toolchains/gnu_arm/10.2_2020q4/bin/../lib/gcc/arm-none-eabi/10.2.1/../../../../arm-none-eabi/lib/thumb/v7e-m+fp/softfp\libc_nano.a(lib_a-memset.o)
                0x00002e38                memset
 .text.rand     0x00002e48       0x7c c:/siliconlabs/simplicitystudio/v5/developer/toolchains/gnu_arm/10.2_2020q4/bin/../lib/gcc/arm-none-eabi/10.2.1/../../../../arm-none-eabi/lib/thumb/v7e-m+fp/softfp\libc_nano.a(lib_a-rand.o)
                0x00002e48                rand
 .text.__assert_func
                0x00002ec4       0x3c c:/siliconlabs/simplicitystudio/v5/developer/toolchains/gnu_arm/10.2_2020q4/bin/../lib/gcc/arm-none-eabi/10.2.1/../../../../arm-none-eabi/lib/thumb/v7e-m+fp/softfp\libc_nano.a(lib_a-assert.o)
                0x00002ec4                __assert_func
 .text.fprintf  0x00002f00       0x24 c:/siliconlabs/simplicitystudio/v5/developer/toolchains/gnu_arm/10.2_2020q4/bin/../lib/gcc/arm-none-eabi/10.2.1/../../../../arm-none-eabi/lib/thumb/v7e-m+fp/softfp\libc_nano.a(lib_a-fprintf.o)
                0x00002f00                fiprintf
                0x00002f00                fprintf
 .text.malloc   0x00002f24       0x10 c:/siliconlabs/simplicitystudio/v5/developer/toolchains/gnu_arm/10.2_2020q4/bin/../lib/gcc/arm-none-eabi/10.2.1/../../../../arm-none-eabi/lib/thumb/v7e-m+fp/softfp\libc_nano.a(lib_a-malloc.o)
                0x00002f24                malloc
 .text._free_r  0x00002f34       0x98 c:/siliconlabs/simplicitystudio/v5/developer/toolchains/gnu_arm/10.2_2020q4/bin/../lib/gcc/arm-none-eabi/10.2.1/../../../../arm-none-eabi/lib/thumb/v7e-m+fp/softfp\libc_nano.a(lib_a-nano-freer.o)
                0x00002f34                _free_r
 .text._malloc_r
                0x00002fcc       0xb4 c:/siliconlabs/simplicitystudio/v5/developer/toolchains/gnu_arm/10.2_2020q4/bin/../lib/gcc/arm-none-eabi/10.2.1/../../../../arm-none-eabi/lib/thumb/v7e-m+fp/softfp\libc_nano.a(lib_a-nano-mallocr.o)
                0x00002fcc                _malloc_r
 .text.__sfputc_r
                0x00003080       0x2e c:/siliconlabs/simplicitystudio/v5/developer/toolchains/gnu_arm/10.2_2020q4/bin/../lib/gcc/arm-none-eabi/10.2.1/../../../../arm-none-eabi/lib/thumb/v7e-m+fp/softfp\libc_nano.a(lib_a-nano-vfprintf.o)
 .text.__sfputs_r
                0x000030ae       0x24 c:/siliconlabs/simplicitystudio/v5/developer/toolchains/gnu_arm/10.2_2020q4/bin/../lib/gcc/arm-none-eabi/10.2.1/../../../../arm-none-eabi/lib/thumb/v7e-m+fp/softfp\libc_nano.a(lib_a-nano-vfprintf.o)
                0x000030ae                __sfputs_r
 *fill*         0x000030d2        0x2 
 .text._vfprintf_r
                0x000030d4      0x260 c:/siliconlabs/simplicitystudio/v5/developer/toolchains/gnu_arm/10.2_2020q4/bin/../lib/gcc/arm-none-eabi/10.2.1/../../../../arm-none-eabi/lib/thumb/v7e-m+fp/softfp\libc_nano.a(lib_a-nano-vfprintf.o)
                0x000030d4                _vfprintf_r
                0x000030d4                _vfiprintf_r
 .text._printf_common
                0x00003334       0xda c:/siliconlabs/simplicitystudio/v5/developer/toolchains/gnu_arm/10.2_2020q4/bin/../lib/gcc/arm-none-eabi/10.2.1/../../../../arm-none-eabi/lib/thumb/v7e-m+fp/softfp\libc_nano.a(lib_a-nano-vfprintf_i.o)
                0x00003334                _printf_common
 *fill*         0x0000340e        0x2 
 .text._printf_i
                0x00003410      0x24c c:/siliconlabs/simplicitystudio/v5/developer/toolchains/gnu_arm/10.2_2020q4/bin/../lib/gcc/arm-none-eabi/10.2.1/../../../../arm-none-eabi/lib/thumb/v7e-m+fp/softfp\libc_nano.a(lib_a-nano-vfprintf_i.o)
                0x00003410                _printf_i
 .text._sbrk_r  0x0000365c       0x20 c:/siliconlabs/simplicitystudio/v5/developer/toolchains/gnu_arm/10.2_2020q4/bin/../lib/gcc/arm-none-eabi/10.2.1/../../../../arm-none-eabi/lib/thumb/v7e-m+fp/softfp\libc_nano.a(lib_a-sbrkr.o)
                0x0000365c                _sbrk_r
 .text.__swbuf_r
                0x0000367c       0xa4 c:/siliconlabs/simplicitystudio/v5/developer/toolchains/gnu_arm/10.2_2020q4/bin/../lib/gcc/arm-none-eabi/10.2.1/../../../../arm-none-eabi/lib/thumb/v7e-m+fp/softfp\libc_nano.a(lib_a-wbuf.o)
                0x0000367c                __swbuf_r
 .text.__swsetup_r
                0x00003720       0xdc c:/siliconlabs/simplicitystudio/v5/developer/toolchains/gnu_arm/10.2_2020q4/bin/../lib/gcc/arm-none-eabi/10.2.1/../../../../arm-none-eabi/lib/thumb/v7e-m+fp/softfp\libc_nano.a(lib_a-wsetup.o)
                0x00003720                __swsetup_r
 .text.abort    0x000037fc        0xe c:/siliconlabs/simplicitystudio/v5/developer/toolchains/gnu_arm/10.2_2020q4/bin/../lib/gcc/arm-none-eabi/10.2.1/../../../../arm-none-eabi/lib/thumb/v7e-m+fp/softfp\libc_nano.a(lib_a-abort.o)
                0x000037fc                abort
 *fill*         0x0000380a        0x2 
 .text.__sflush_r
                0x0000380c      0x10c c:/siliconlabs/simplicitystudio/v5/developer/toolchains/gnu_arm/10.2_2020q4/bin/../lib/gcc/arm-none-eabi/10.2.1/../../../../arm-none-eabi/lib/thumb/v7e-m+fp/softfp\libc_nano.a(lib_a-fflush.o)
                0x0000380c                __sflush_r
 .text._fflush_r
                0x00003918       0x78 c:/siliconlabs/simplicitystudio/v5/developer/toolchains/gnu_arm/10.2_2020q4/bin/../lib/gcc/arm-none-eabi/10.2.1/../../../../arm-none-eabi/lib/thumb/v7e-m+fp/softfp\libc_nano.a(lib_a-fflush.o)
                0x00003918                _fflush_r
 .text.std      0x00003990       0x48 c:/siliconlabs/simplicitystudio/v5/developer/toolchains/gnu_arm/10.2_2020q4/bin/../lib/gcc/arm-none-eabi/10.2.1/../../../../arm-none-eabi/lib/thumb/v7e-m+fp/softfp\libc_nano.a(lib_a-findfp.o)
 .text._cleanup_r
                0x000039d8        0xc c:/siliconlabs/simplicitystudio/v5/developer/toolchains/gnu_arm/10.2_2020q4/bin/../lib/gcc/arm-none-eabi/10.2.1/../../../../arm-none-eabi/lib/thumb/v7e-m+fp/softfp\libc_nano.a(lib_a-findfp.o)
                0x000039d8                _cleanup_r
 .text.__sfmoreglue
                0x000039e4       0x2c c:/siliconlabs/simplicitystudio/v5/developer/toolchains/gnu_arm/10.2_2020q4/bin/../lib/gcc/arm-none-eabi/10.2.1/../../../../arm-none-eabi/lib/thumb/v7e-m+fp/softfp\libc_nano.a(lib_a-findfp.o)
                0x000039e4                __sfmoreglue
 .text.__sfp_lock_acquire
                0x00003a10        0xc c:/siliconlabs/simplicitystudio/v5/developer/toolchains/gnu_arm/10.2_2020q4/bin/../lib/gcc/arm-none-eabi/10.2.1/../../../../arm-none-eabi/lib/thumb/v7e-m+fp/softfp\libc_nano.a(lib_a-findfp.o)
                0x00003a10                __sfp_lock_acquire
 .text.__sfp_lock_release
                0x00003a1c        0xc c:/siliconlabs/simplicitystudio/v5/developer/toolchains/gnu_arm/10.2_2020q4/bin/../lib/gcc/arm-none-eabi/10.2.1/../../../../arm-none-eabi/lib/thumb/v7e-m+fp/softfp\libc_nano.a(lib_a-findfp.o)
                0x00003a1c                __sfp_lock_release
 .text.__sinit_lock_acquire
                0x00003a28        0xc c:/siliconlabs/simplicitystudio/v5/developer/toolchains/gnu_arm/10.2_2020q4/bin/../lib/gcc/arm-none-eabi/10.2.1/../../../../arm-none-eabi/lib/thumb/v7e-m+fp/softfp\libc_nano.a(lib_a-findfp.o)
                0x00003a28                __sinit_lock_acquire
 .text.__sinit_lock_release
                0x00003a34        0xc c:/siliconlabs/simplicitystudio/v5/developer/toolchains/gnu_arm/10.2_2020q4/bin/../lib/gcc/arm-none-eabi/10.2.1/../../../../arm-none-eabi/lib/thumb/v7e-m+fp/softfp\libc_nano.a(lib_a-findfp.o)
                0x00003a34                __sinit_lock_release
 .text.__sinit  0x00003a40       0x70 c:/siliconlabs/simplicitystudio/v5/developer/toolchains/gnu_arm/10.2_2020q4/bin/../lib/gcc/arm-none-eabi/10.2.1/../../../../arm-none-eabi/lib/thumb/v7e-m+fp/softfp\libc_nano.a(lib_a-findfp.o)
                0x00003a40                __sinit
 .text.__sfp    0x00003ab0       0x8c c:/siliconlabs/simplicitystudio/v5/developer/toolchains/gnu_arm/10.2_2020q4/bin/../lib/gcc/arm-none-eabi/10.2.1/../../../../arm-none-eabi/lib/thumb/v7e-m+fp/softfp\libc_nano.a(lib_a-findfp.o)
                0x00003ab0                __sfp
 .text._fwalk_reent
                0x00003b3c       0x3e c:/siliconlabs/simplicitystudio/v5/developer/toolchains/gnu_arm/10.2_2020q4/bin/../lib/gcc/arm-none-eabi/10.2.1/../../../../arm-none-eabi/lib/thumb/v7e-m+fp/softfp\libc_nano.a(lib_a-fwalk.o)
                0x00003b3c                _fwalk_reent
 .text.__retarget_lock_init_recursive
                0x00003b7a        0x2 c:/siliconlabs/simplicitystudio/v5/developer/toolchains/gnu_arm/10.2_2020q4/bin/../lib/gcc/arm-none-eabi/10.2.1/../../../../arm-none-eabi/lib/thumb/v7e-m+fp/softfp\libc_nano.a(lib_a-lock.o)
                0x00003b7a                __retarget_lock_init_recursive
 .text.__retarget_lock_acquire_recursive
                0x00003b7c        0x2 c:/siliconlabs/simplicitystudio/v5/developer/toolchains/gnu_arm/10.2_2020q4/bin/../lib/gcc/arm-none-eabi/10.2.1/../../../../arm-none-eabi/lib/thumb/v7e-m+fp/softfp\libc_nano.a(lib_a-lock.o)
                0x00003b7c                __retarget_lock_acquire_recursive
 .text.__retarget_lock_release_recursive
                0x00003b7e        0x2 c:/siliconlabs/simplicitystudio/v5/developer/toolchains/gnu_arm/10.2_2020q4/bin/../lib/gcc/arm-none-eabi/10.2.1/../../../../arm-none-eabi/lib/thumb/v7e-m+fp/softfp\libc_nano.a(lib_a-lock.o)
                0x00003b7e                __retarget_lock_release_recursive
 .text.__swhatbuf_r
                0x00003b80       0x4a c:/siliconlabs/simplicitystudio/v5/developer/toolchains/gnu_arm/10.2_2020q4/bin/../lib/gcc/arm-none-eabi/10.2.1/../../../../arm-none-eabi/lib/thumb/v7e-m+fp/softfp\libc_nano.a(lib_a-makebuf.o)
                0x00003b80                __swhatbuf_r
 *fill*         0x00003bca        0x2 
 .text.__smakebuf_r
                0x00003bcc       0x80 c:/siliconlabs/simplicitystudio/v5/developer/toolchains/gnu_arm/10.2_2020q4/bin/../lib/gcc/arm-none-eabi/10.2.1/../../../../arm-none-eabi/lib/thumb/v7e-m+fp/softfp\libc_nano.a(lib_a-makebuf.o)
                0x00003bcc                __smakebuf_r
 *fill*         0x00003c4c        0x4 
 .text          0x00003c50       0xa0 c:/siliconlabs/simplicitystudio/v5/developer/toolchains/gnu_arm/10.2_2020q4/bin/../lib/gcc/arm-none-eabi/10.2.1/../../../../arm-none-eabi/lib/thumb/v7e-m+fp/softfp\libc_nano.a(lib_a-memchr.o)
                0x00003c50                memchr
 .text.__malloc_lock
                0x00003cf0        0xc c:/siliconlabs/simplicitystudio/v5/developer/toolchains/gnu_arm/10.2_2020q4/bin/../lib/gcc/arm-none-eabi/10.2.1/../../../../arm-none-eabi/lib/thumb/v7e-m+fp/softfp\libc_nano.a(lib_a-mlock.o)
                0x00003cf0                __malloc_lock
 .text.__malloc_unlock
                0x00003cfc        0xc c:/siliconlabs/simplicitystudio/v5/developer/toolchains/gnu_arm/10.2_2020q4/bin/../lib/gcc/arm-none-eabi/10.2.1/../../../../arm-none-eabi/lib/thumb/v7e-m+fp/softfp\libc_nano.a(lib_a-mlock.o)
                0x00003cfc                __malloc_unlock
 .text._raise_r
                0x00003d08       0x50 c:/siliconlabs/simplicitystudio/v5/developer/toolchains/gnu_arm/10.2_2020q4/bin/../lib/gcc/arm-none-eabi/10.2.1/../../../../arm-none-eabi/lib/thumb/v7e-m+fp/softfp\libc_nano.a(lib_a-signal.o)
                0x00003d08                _raise_r
 .text.raise    0x00003d58       0x10 c:/siliconlabs/simplicitystudio/v5/developer/toolchains/gnu_arm/10.2_2020q4/bin/../lib/gcc/arm-none-eabi/10.2.1/../../../../arm-none-eabi/lib/thumb/v7e-m+fp/softfp\libc_nano.a(lib_a-signal.o)
                0x00003d58                raise
 .text._kill_r  0x00003d68       0x24 c:/siliconlabs/simplicitystudio/v5/developer/toolchains/gnu_arm/10.2_2020q4/bin/../lib/gcc/arm-none-eabi/10.2.1/../../../../arm-none-eabi/lib/thumb/v7e-m+fp/softfp\libc_nano.a(lib_a-signalr.o)
                0x00003d68                _kill_r
 .text._getpid_r
                0x00003d8c        0x4 c:/siliconlabs/simplicitystudio/v5/developer/toolchains/gnu_arm/10.2_2020q4/bin/../lib/gcc/arm-none-eabi/10.2.1/../../../../arm-none-eabi/lib/thumb/v7e-m+fp/softfp\libc_nano.a(lib_a-signalr.o)
                0x00003d8c                _getpid_r
 .text.__sread  0x00003d90       0x22 c:/siliconlabs/simplicitystudio/v5/developer/toolchains/gnu_arm/10.2_2020q4/bin/../lib/gcc/arm-none-eabi/10.2.1/../../../../arm-none-eabi/lib/thumb/v7e-m+fp/softfp\libc_nano.a(lib_a-stdio.o)
                0x00003d90                __sread
 .text.__swrite
                0x00003db2       0x38 c:/siliconlabs/simplicitystudio/v5/developer/toolchains/gnu_arm/10.2_2020q4/bin/../lib/gcc/arm-none-eabi/10.2.1/../../../../arm-none-eabi/lib/thumb/v7e-m+fp/softfp\libc_nano.a(lib_a-stdio.o)
                0x00003db2                __swrite
 .text.__sseek  0x00003dea       0x24 c:/siliconlabs/simplicitystudio/v5/developer/toolchains/gnu_arm/10.2_2020q4/bin/../lib/gcc/arm-none-eabi/10.2.1/../../../../arm-none-eabi/lib/thumb/v7e-m+fp/softfp\libc_nano.a(lib_a-stdio.o)
                0x00003dea                __sseek
 .text.__sclose
                0x00003e0e        0x8 c:/siliconlabs/simplicitystudio/v5/developer/toolchains/gnu_arm/10.2_2020q4/bin/../lib/gcc/arm-none-eabi/10.2.1/../../../../arm-none-eabi/lib/thumb/v7e-m+fp/softfp\libc_nano.a(lib_a-stdio.o)
                0x00003e0e                __sclose
 *fill*         0x00003e16        0x2 
 .text._write_r
                0x00003e18       0x24 c:/siliconlabs/simplicitystudio/v5/developer/toolchains/gnu_arm/10.2_2020q4/bin/../lib/gcc/arm-none-eabi/10.2.1/../../../../arm-none-eabi/lib/thumb/v7e-m+fp/softfp\libc_nano.a(lib_a-writer.o)
                0x00003e18                _write_r
 .text._close_r
                0x00003e3c       0x20 c:/siliconlabs/simplicitystudio/v5/developer/toolchains/gnu_arm/10.2_2020q4/bin/../lib/gcc/arm-none-eabi/10.2.1/../../../../arm-none-eabi/lib/thumb/v7e-m+fp/softfp\libc_nano.a(lib_a-closer.o)
                0x00003e3c                _close_r
 .text._fstat_r
                0x00003e5c       0x24 c:/siliconlabs/simplicitystudio/v5/developer/toolchains/gnu_arm/10.2_2020q4/bin/../lib/gcc/arm-none-eabi/10.2.1/../../../../arm-none-eabi/lib/thumb/v7e-m+fp/softfp\libc_nano.a(lib_a-fstatr.o)
                0x00003e5c                _fstat_r
 .text._isatty_r
                0x00003e80       0x20 c:/siliconlabs/simplicitystudio/v5/developer/toolchains/gnu_arm/10.2_2020q4/bin/../lib/gcc/arm-none-eabi/10.2.1/../../../../arm-none-eabi/lib/thumb/v7e-m+fp/softfp\libc_nano.a(lib_a-isattyr.o)
                0x00003e80                _isatty_r
 .text._lseek_r
                0x00003ea0       0x24 c:/siliconlabs/simplicitystudio/v5/developer/toolchains/gnu_arm/10.2_2020q4/bin/../lib/gcc/arm-none-eabi/10.2.1/../../../../arm-none-eabi/lib/thumb/v7e-m+fp/softfp\libc_nano.a(lib_a-lseekr.o)
                0x00003ea0                _lseek_r
 .text._read_r  0x00003ec4       0x24 c:/siliconlabs/simplicitystudio/v5/developer/toolchains/gnu_arm/10.2_2020q4/bin/../lib/gcc/arm-none-eabi/10.2.1/../../../../arm-none-eabi/lib/thumb/v7e-m+fp/softfp\libc_nano.a(lib_a-readr.o)
                0x00003ec4                _read_r
 .text._close   0x00003ee8       0x10 c:/siliconlabs/simplicitystudio/v5/developer/toolchains/gnu_arm/10.2_2020q4/bin/../lib/gcc/arm-none-eabi/10.2.1/../../../../arm-none-eabi/lib/thumb/v7e-m+fp/softfp\libnosys.a(close.o)
                0x00003ee8                _close
 .text._fstat   0x00003ef8       0x10 c:/siliconlabs/simplicitystudio/v5/developer/toolchains/gnu_arm/10.2_2020q4/bin/../lib/gcc/arm-none-eabi/10.2.1/../../../../arm-none-eabi/lib/thumb/v7e-m+fp/softfp\libnosys.a(fstat.o)
                0x00003ef8                _fstat
 .text._getpid  0x00003f08       0x10 c:/siliconlabs/simplicitystudio/v5/developer/toolchains/gnu_arm/10.2_2020q4/bin/../lib/gcc/arm-none-eabi/10.2.1/../../../../arm-none-eabi/lib/thumb/v7e-m+fp/softfp\libnosys.a(getpid.o)
                0x00003f08                _getpid
 .text._isatty  0x00003f18       0x10 c:/siliconlabs/simplicitystudio/v5/developer/toolchains/gnu_arm/10.2_2020q4/bin/../lib/gcc/arm-none-eabi/10.2.1/../../../../arm-none-eabi/lib/thumb/v7e-m+fp/softfp\libnosys.a(isatty.o)
                0x00003f18                _isatty
 .text._kill    0x00003f28       0x10 c:/siliconlabs/simplicitystudio/v5/developer/toolchains/gnu_arm/10.2_2020q4/bin/../lib/gcc/arm-none-eabi/10.2.1/../../../../arm-none-eabi/lib/thumb/v7e-m+fp/softfp\libnosys.a(kill.o)
                0x00003f28                _kill
 .text._lseek   0x00003f38       0x10 c:/siliconlabs/simplicitystudio/v5/developer/toolchains/gnu_arm/10.2_2020q4/bin/../lib/gcc/arm-none-eabi/10.2.1/../../../../arm-none-eabi/lib/thumb/v7e-m+fp/softfp\libnosys.a(lseek.o)
                0x00003f38                _lseek
 .text._read    0x00003f48       0x10 c:/siliconlabs/simplicitystudio/v5/developer/toolchains/gnu_arm/10.2_2020q4/bin/../lib/gcc/arm-none-eabi/10.2.1/../../../../arm-none-eabi/lib/thumb/v7e-m+fp/softfp\libnosys.a(read.o)
                0x00003f48                _read
 .text._write   0x00003f58       0x10 c:/siliconlabs/simplicitystudio/v5/developer/toolchains/gnu_arm/10.2_2020q4/bin/../lib/gcc/arm-none-eabi/10.2.1/../../../../arm-none-eabi/lib/thumb/v7e-m+fp/softfp\libnosys.a(write.o)
                0x00003f58                _write
 .text._exit    0x00003f68        0x4 c:/siliconlabs/simplicitystudio/v5/developer/toolchains/gnu_arm/10.2_2020q4/bin/../lib/gcc/arm-none-eabi/10.2.1/../../../../arm-none-eabi/lib/thumb/v7e-m+fp/softfp\libnosys.a(_exit.o)
                0x00003f68                _exit
                0x00003f6c                linker_code_end = .
 *(.init)
 .init          0x00003f6c        0x4 c:/siliconlabs/simplicitystudio/v5/developer/toolchains/gnu_arm/10.2_2020q4/bin/../lib/gcc/arm-none-eabi/10.2.1/thumb/v7e-m+fp/softfp/crti.o
                0x00003f6c                _init
 .init          0x00003f70        0x8 c:/siliconlabs/simplicitystudio/v5/developer/toolchains/gnu_arm/10.2_2020q4/bin/../lib/gcc/arm-none-eabi/10.2.1/thumb/v7e-m+fp/softfp/crtn.o
 *(.fini)
 .fini          0x00003f78        0x4 c:/siliconlabs/simplicitystudio/v5/developer/toolchains/gnu_arm/10.2_2020q4/bin/../lib/gcc/arm-none-eabi/10.2.1/thumb/v7e-m+fp/softfp/crti.o
                0x00003f78                _fini
 .fini          0x00003f7c        0x8 c:/siliconlabs/simplicitystudio/v5/developer/toolchains/gnu_arm/10.2_2020q4/bin/../lib/gcc/arm-none-eabi/10.2.1/thumb/v7e-m+fp/softfp/crtn.o
 *fill*         0x00003f84        0x4 
 .fini.__stub   0x00003f88        0x8 linker stubs
 *crtbegin.o(.ctors)
 *crtbegin?.o(.ctors)
 *(EXCLUDE_FILE(*crtend.o *crtend?.o) .ctors)
 *(SORT_BY_NAME(.ctors.*))
 *(.ctors)
 *crtbegin.o(.dtors)
 *crtbegin?.o(.dtors)
 *(EXCLUDE_FILE(*crtend.o *crtend?.o) .dtors)
 *(SORT_BY_NAME(.dtors.*))
 *(.dtors)
 *(.rodata*)
 .rodata        0x00003f90       0x20 ./WS2812-Driver.o
 .rodata.blue   0x00003fb0        0x3 ./app.o
 .rodata.cyan   0x00003fb3        0x3 ./app.o
 .rodata.green  0x00003fb6        0x3 ./app.o
 .rodata.magenta
                0x00003fb9        0x3 ./app.o
 .rodata.red    0x00003fbc        0x3 ./app.o
 .rodata.yellow
                0x00003fbf        0x3 ./app.o
 *fill*         0x00003fc2        0x2 
 .rodata.CSWTCH.4
                0x00003fc4       0x20 ./gecko_sdk_4.0.0/platform/Device/SiliconLabs/EFM32GG11B/Source/system_efm32gg11b.o
 .rodata.flashWaitStateControl.str1.1
                0x00003fe4       0x4e ./gecko_sdk_4.0.0/platform/emlib/src/em_cmu.o
 .rodata.SL_Log2ToDiv.str1.1
                0x00004032       0x51 ./gecko_sdk_4.0.0/platform/emlib/src/em_cmu.o
 .rodata.CMU_PrescToLog2.str1.1
                0x00004083       0x4e ./gecko_sdk_4.0.0/platform/emlib/src/em_cmu.o
 .rodata.CSWTCH.55
                0x000040d1        0x6 ./gecko_sdk_4.0.0/platform/emlib/src/em_cmu.o
 .rodata.CSWTCH.56
                0x000040d7        0x4 ./gecko_sdk_4.0.0/platform/emlib/src/em_cmu.o
 .rodata.CSWTCH.57
                0x000040db        0x4 ./gecko_sdk_4.0.0/platform/emlib/src/em_cmu.o
 .rodata.CSWTCH.60
                0x000040df        0x6 ./gecko_sdk_4.0.0/platform/emlib/src/em_cmu.o
 .rodata.CSWTCH.83
                0x000040e5        0x6 ./gecko_sdk_4.0.0/platform/emlib/src/em_cmu.o
 .rodata.CSWTCH.84
                0x000040eb        0x6 ./gecko_sdk_4.0.0/platform/emlib/src/em_cmu.o
 *fill*         0x000040f1        0x1 
 .rodata.CSWTCH.85
                0x000040f2        0xc ./gecko_sdk_4.0.0/platform/emlib/src/em_cmu.o
 .rodata.CSWTCH.86
                0x000040fe        0xc ./gecko_sdk_4.0.0/platform/emlib/src/em_cmu.o
 .rodata.CSWTCH.90
                0x0000410a        0x3 ./gecko_sdk_4.0.0/platform/emlib/src/em_cmu.o
 *fill*         0x0000410d        0x3 
 .rodata.flashWsTable
                0x00004110       0x38 ./gecko_sdk_4.0.0/platform/emlib/src/em_cmu.o
 .rodata.lpGetDevinfoVrefLowHigh.str1.1
                0x00004148       0x4e ./gecko_sdk_4.0.0/platform/emlib/src/em_emu.o
 .rodata.GPIO_PinOutSet.str1.1
                0x00004196       0x4f ./gecko_sdk_4.0.0/platform/emlib/src/em_gpio.o
 .rodata.GPIO_DbgLocationSet.str1.1
                0x000041e5       0x4f ./gecko_sdk_4.0.0/platform/emlib/src/em_gpio.o
 .rodata.LDMA_EnableChannelRequest.str1.1
                0x00004234       0xb2 ./gecko_sdk_4.0.0/platform/emlib/src/em_ldma.o
 .rodata.LETIMER_CompareGet.str1.1
                0x000042e6       0x67 ./gecko_sdk_4.0.0/platform/emlib/src/em_letimer.o
 .rodata.USART_BaudrateAsyncSet.str1.1
                0x0000434d       0x65 ./gecko_sdk_4.0.0/platform/emlib/src/em_usart.o
 .rodata        0x000043b2       0x10 ./gecko_sdk_4.0.0/platform/service/device_init/src/sl_device_init_dcdc_s1.o
 .rodata        0x000043c2        0xc ./gecko_sdk_4.0.0/platform/service/device_init/src/sl_device_init_hfxo_s1.o
 .rodata        0x000043ce        0x4 ./gecko_sdk_4.0.0/platform/service/device_init/src/sl_device_init_lfxo_s1.o
 *fill*         0x000043d2        0x2 
 .rodata._global_impure_ptr
                0x000043d4        0x4 c:/siliconlabs/simplicitystudio/v5/developer/toolchains/gnu_arm/10.2_2020q4/bin/../lib/gcc/arm-none-eabi/10.2.1/../../../../arm-none-eabi/lib/thumb/v7e-m+fp/softfp\libc_nano.a(lib_a-impure.o)
                0x000043d4                _global_impure_ptr
 .rodata.srand.str1.1
                0x000043d8       0x94 c:/siliconlabs/simplicitystudio/v5/developer/toolchains/gnu_arm/10.2_2020q4/bin/../lib/gcc/arm-none-eabi/10.2.1/../../../../arm-none-eabi/lib/thumb/v7e-m+fp/softfp\libc_nano.a(lib_a-rand.o)
 .rodata.__assert_func.str1.1
                0x0000446c       0x3c c:/siliconlabs/simplicitystudio/v5/developer/toolchains/gnu_arm/10.2_2020q4/bin/../lib/gcc/arm-none-eabi/10.2.1/../../../../arm-none-eabi/lib/thumb/v7e-m+fp/softfp\libc_nano.a(lib_a-assert.o)
                                 0x3d (size before relaxing)
 .rodata._vfprintf_r.str1.1
                0x000044a8       0x11 c:/siliconlabs/simplicitystudio/v5/developer/toolchains/gnu_arm/10.2_2020q4/bin/../lib/gcc/arm-none-eabi/10.2.1/../../../../arm-none-eabi/lib/thumb/v7e-m+fp/softfp\libc_nano.a(lib_a-nano-vfprintf.o)
 .rodata._printf_i.str1.1
                0x000044b9       0x22 c:/siliconlabs/simplicitystudio/v5/developer/toolchains/gnu_arm/10.2_2020q4/bin/../lib/gcc/arm-none-eabi/10.2.1/../../../../arm-none-eabi/lib/thumb/v7e-m+fp/softfp\libc_nano.a(lib_a-nano-vfprintf_i.o)
 *fill*         0x000044db        0x1 
 .rodata.__sf_fake_stderr
                0x000044dc       0x20 c:/siliconlabs/simplicitystudio/v5/developer/toolchains/gnu_arm/10.2_2020q4/bin/../lib/gcc/arm-none-eabi/10.2.1/../../../../arm-none-eabi/lib/thumb/v7e-m+fp/softfp\libc_nano.a(lib_a-findfp.o)
                0x000044dc                __sf_fake_stderr
 .rodata.__sf_fake_stdin
                0x000044fc       0x20 c:/siliconlabs/simplicitystudio/v5/developer/toolchains/gnu_arm/10.2_2020q4/bin/../lib/gcc/arm-none-eabi/10.2.1/../../../../arm-none-eabi/lib/thumb/v7e-m+fp/softfp\libc_nano.a(lib_a-findfp.o)
                0x000044fc                __sf_fake_stdin
 .rodata.__sf_fake_stdout
                0x0000451c       0x20 c:/siliconlabs/simplicitystudio/v5/developer/toolchains/gnu_arm/10.2_2020q4/bin/../lib/gcc/arm-none-eabi/10.2.1/../../../../arm-none-eabi/lib/thumb/v7e-m+fp/softfp\libc_nano.a(lib_a-findfp.o)
                0x0000451c                __sf_fake_stdout
 *(.eh_frame*)
 .eh_frame      0x0000453c        0x0 c:/siliconlabs/simplicitystudio/v5/developer/toolchains/gnu_arm/10.2_2020q4/bin/../lib/gcc/arm-none-eabi/10.2.1/thumb/v7e-m+fp/softfp/crtbegin.o

.glue_7         0x0000453c        0x0
 .glue_7        0x0000453c        0x0 linker stubs

.glue_7t        0x0000453c        0x0
 .glue_7t       0x0000453c        0x0 linker stubs

.vfp11_veneer   0x0000453c        0x0
 .vfp11_veneer  0x0000453c        0x0 linker stubs

.v4_bx          0x0000453c        0x0
 .v4_bx         0x0000453c        0x0 linker stubs

.iplt           0x0000453c        0x0
 .iplt          0x0000453c        0x0 c:/siliconlabs/simplicitystudio/v5/developer/toolchains/gnu_arm/10.2_2020q4/bin/../lib/gcc/arm-none-eabi/10.2.1/thumb/v7e-m+fp/softfp/crtbegin.o

.ARM.extab
 *(.ARM.extab* .gnu.linkonce.armextab.*)
                0x0000453c                __exidx_start = .

.ARM.exidx      0x0000453c        0x8
 *(.ARM.exidx* .gnu.linkonce.armexidx.*)
 .ARM.exidx     0x0000453c        0x8 c:/siliconlabs/simplicitystudio/v5/developer/toolchains/gnu_arm/10.2_2020q4/bin/../lib/gcc/arm-none-eabi/10.2.1/../../../../arm-none-eabi/lib/thumb/v7e-m+fp/softfp/crt0.o
                                 0x10 (size before relaxing)
                0x00004544                __exidx_end = .
                0x00004544                __etext = .

.rel.dyn        0x00004544        0x0
 .rel.iplt      0x00004544        0x0 c:/siliconlabs/simplicitystudio/v5/developer/toolchains/gnu_arm/10.2_2020q4/bin/../lib/gcc/arm-none-eabi/10.2.1/thumb/v7e-m+fp/softfp/crtbegin.o
                0x20000000                . = ORIGIN (RAM)

.stack          0x20000000     0x1000
                0x20000000                __StackLimit = .
 *(.stack*)
 .stack         0x20000000        0x0 ./gecko_sdk_4.0.0/platform/Device/SiliconLabs/EFM32GG11B/Source/GCC/startup_efm32gg11b.o
 .stack         0x20000000     0x1000 ./gecko_sdk_4.0.0/platform/common/toolchain/src/sl_memory.o
                0x20001000                . = ALIGN (0x4)
                0x20001000                __StackTop = .
                0x20001000                PROVIDE (__stack = __StackTop)

.noinit
 *(.noinit*)

.data           0x20001000       0xa4 load address 0x00004544
                0x20001000                . = ALIGN (0x4)
                0x20001000                __data_start__ = .
 *(vtable)
 *(.data*)
 .data.SystemCoreClock
                0x20001000        0x4 ./gecko_sdk_4.0.0/platform/Device/SiliconLabs/EFM32GG11B/Source/system_efm32gg11b.o
                0x20001000                SystemCoreClock
 .data.SystemHFXOClock
                0x20001004        0x4 ./gecko_sdk_4.0.0/platform/Device/SiliconLabs/EFM32GG11B/Source/system_efm32gg11b.o
 .data.SystemHfrcoFreq
                0x20001008        0x4 ./gecko_sdk_4.0.0/platform/Device/SiliconLabs/EFM32GG11B/Source/system_efm32gg11b.o
                0x20001008                SystemHfrcoFreq
 .data.SystemLFXOClock
                0x2000100c        0x4 ./gecko_sdk_4.0.0/platform/Device/SiliconLabs/EFM32GG11B/Source/system_efm32gg11b.o
 .data.heap_end.0
                0x20001010        0x4 ./gecko_sdk_4.0.0/platform/common/toolchain/src/sl_memory.o
 .data.auxHfrcoFreq
                0x20001014        0x4 ./gecko_sdk_4.0.0/platform/emlib/src/em_cmu.o
 .data.lfxo_precision
                0x20001018        0x2 ./gecko_sdk_4.0.0/platform/emlib/src/em_cmu.o
 *fill*         0x2000101a        0x2 
 .data.ushfrcoFreq
                0x2000101c        0x4 ./gecko_sdk_4.0.0/platform/emlib/src/em_cmu.o
 .data._impure_ptr
                0x20001020        0x4 c:/siliconlabs/simplicitystudio/v5/developer/toolchains/gnu_arm/10.2_2020q4/bin/../lib/gcc/arm-none-eabi/10.2.1/../../../../arm-none-eabi/lib/thumb/v7e-m+fp/softfp\libc_nano.a(lib_a-impure.o)
                0x20001020                _impure_ptr
 .data.impure_data
                0x20001024       0x60 c:/siliconlabs/simplicitystudio/v5/developer/toolchains/gnu_arm/10.2_2020q4/bin/../lib/gcc/arm-none-eabi/10.2.1/../../../../arm-none-eabi/lib/thumb/v7e-m+fp/softfp\libc_nano.a(lib_a-impure.o)
                0x20001084                . = ALIGN (0x4)
                [!provide]                PROVIDE (__ram_func_section_start = .)
 *(.ram)
 .ram           0x20001084       0x18 ./gecko_sdk_4.0.0/platform/emlib/src/em_emu.o
                [!provide]                PROVIDE (__ram_func_section_end = .)
                0x2000109c                . = ALIGN (0x4)
                0x2000109c                PROVIDE (__preinit_array_start = .)
 *(.preinit_array)
                0x2000109c                PROVIDE (__preinit_array_end = .)
                0x2000109c                . = ALIGN (0x4)
                0x2000109c                PROVIDE (__init_array_start = .)
 *(SORT_BY_NAME(.init_array.*))
 *(.init_array)
 .init_array    0x2000109c        0x4 c:/siliconlabs/simplicitystudio/v5/developer/toolchains/gnu_arm/10.2_2020q4/bin/../lib/gcc/arm-none-eabi/10.2.1/thumb/v7e-m+fp/softfp/crtbegin.o
                0x200010a0                PROVIDE (__init_array_end = .)
                0x200010a0                . = ALIGN (0x4)
                [!provide]                PROVIDE (__fini_array_start = .)
 *(SORT_BY_NAME(.fini_array.*))
 *(.fini_array)
 .fini_array    0x200010a0        0x4 c:/siliconlabs/simplicitystudio/v5/developer/toolchains/gnu_arm/10.2_2020q4/bin/../lib/gcc/arm-none-eabi/10.2.1/thumb/v7e-m+fp/softfp/crtbegin.o
                [!provide]                PROVIDE (__fini_array_end = .)
                0x200010a4                . = ALIGN (0x4)
                0x200010a4                __data_end__ = .

.igot.plt       0x200010a4        0x0 load address 0x000045e8
 .igot.plt      0x200010a4        0x0 c:/siliconlabs/simplicitystudio/v5/developer/toolchains/gnu_arm/10.2_2020q4/bin/../lib/gcc/arm-none-eabi/10.2.1/thumb/v7e-m+fp/softfp/crtbegin.o

.bss            0x200010a4      0x148 load address 0x000045e8
                0x200010a4                . = ALIGN (0x4)
                0x200010a4                __bss_start__ = .
 *(.bss*)
 .bss           0x200010a4       0x1c c:/siliconlabs/simplicitystudio/v5/developer/toolchains/gnu_arm/10.2_2020q4/bin/../lib/gcc/arm-none-eabi/10.2.1/thumb/v7e-m+fp/softfp/crtbegin.o
 .bss.USART_tx_buffer
                0x200010c0       0xe7 ./WS2812-Driver.o
                0x200010c0                USART_tx_buffer
 *fill*         0x200011a7        0x1 
 .bss.ldmaTXConfig
                0x200011a8       0x10 ./WS2812-Driver.o
 .bss.ldmaTXDescriptor
                0x200011b8       0x10 ./WS2812-Driver.o
 .bss.cmuStatus.3
                0x200011c8        0x4 ./gecko_sdk_4.0.0/platform/emlib/src/em_emu.o
 .bss.dcdcEm01LoadCurrent_mA
                0x200011cc        0x2 ./gecko_sdk_4.0.0/platform/emlib/src/em_emu.o
 .bss.dcdcMaxCurrent_mA
                0x200011ce        0x2 ./gecko_sdk_4.0.0/platform/emlib/src/em_emu.o
 .bss.dcdcReverseCurrentControl
                0x200011d0        0x2 ./gecko_sdk_4.0.0/platform/emlib/src/em_emu.o
 .bss.hfClock.2
                0x200011d2        0x1 ./gecko_sdk_4.0.0/platform/emlib/src/em_emu.o
 *fill*         0x200011d3        0x1 
 .bss.hfrcoCtrl.0
                0x200011d4        0x4 ./gecko_sdk_4.0.0/platform/emlib/src/em_emu.o
 .bss.vScaleEM01Config
                0x200011d8        0x1 ./gecko_sdk_4.0.0/platform/emlib/src/em_emu.o
 .bss.vScaleStatus.1
                0x200011d9        0x1 ./gecko_sdk_4.0.0/platform/emlib/src/em_emu.o
 *fill*         0x200011da        0x2 
 .bss.__malloc_free_list
                0x200011dc        0x4 c:/siliconlabs/simplicitystudio/v5/developer/toolchains/gnu_arm/10.2_2020q4/bin/../lib/gcc/arm-none-eabi/10.2.1/../../../../arm-none-eabi/lib/thumb/v7e-m+fp/softfp\libc_nano.a(lib_a-nano-mallocr.o)
                0x200011dc                __malloc_free_list
 .bss.__malloc_sbrk_start
                0x200011e0        0x4 c:/siliconlabs/simplicitystudio/v5/developer/toolchains/gnu_arm/10.2_2020q4/bin/../lib/gcc/arm-none-eabi/10.2.1/../../../../arm-none-eabi/lib/thumb/v7e-m+fp/softfp\libc_nano.a(lib_a-nano-mallocr.o)
                0x200011e0                __malloc_sbrk_start
 .bss.__lock___malloc_recursive_mutex
                0x200011e4        0x1 c:/siliconlabs/simplicitystudio/v5/developer/toolchains/gnu_arm/10.2_2020q4/bin/../lib/gcc/arm-none-eabi/10.2.1/../../../../arm-none-eabi/lib/thumb/v7e-m+fp/softfp\libc_nano.a(lib_a-lock.o)
                0x200011e4                __lock___malloc_recursive_mutex
 .bss.__lock___sfp_recursive_mutex
                0x200011e5        0x1 c:/siliconlabs/simplicitystudio/v5/developer/toolchains/gnu_arm/10.2_2020q4/bin/../lib/gcc/arm-none-eabi/10.2.1/../../../../arm-none-eabi/lib/thumb/v7e-m+fp/softfp\libc_nano.a(lib_a-lock.o)
                0x200011e5                __lock___sfp_recursive_mutex
 .bss.__lock___sinit_recursive_mutex
                0x200011e6        0x1 c:/siliconlabs/simplicitystudio/v5/developer/toolchains/gnu_arm/10.2_2020q4/bin/../lib/gcc/arm-none-eabi/10.2.1/../../../../arm-none-eabi/lib/thumb/v7e-m+fp/softfp\libc_nano.a(lib_a-lock.o)
                0x200011e6                __lock___sinit_recursive_mutex
 *fill*         0x200011e7        0x1 
 .bss.errno     0x200011e8        0x4 c:/siliconlabs/simplicitystudio/v5/developer/toolchains/gnu_arm/10.2_2020q4/bin/../lib/gcc/arm-none-eabi/10.2.1/../../../../arm-none-eabi/lib/thumb/v7e-m+fp/softfp\libc_nano.a(lib_a-reent.o)
                0x200011e8                errno
 *(COMMON)
                0x200011ec                . = ALIGN (0x4)
                0x200011ec                __bss_end__ = .

.heap           0x200011f0    0x7ee10
                0x200011f0                __HeapBase = .
                0x200011f0                __end__ = .
                0x200011f0                end = __end__
                0x200011f0                _end = __end__
 *(.heap*)
 .heap          0x200011f0      0x800 ./gecko_sdk_4.0.0/platform/common/toolchain/src/sl_memory.o
                0x20080000                . = (ORIGIN (RAM) + LENGTH (RAM))
 *fill*         0x200019f0    0x7e610 
                0x20080000                __HeapLimit = .
                0x0007ee10                __heap_size = (__HeapLimit - __HeapBase)
                0x00200000                __main_flash_end__ = 0x200000

.internal_storage
                0x00004544        0x0
 *(.internal_storage*)

.nvm            0x00004544        0x0
 *(.simee*)
                0x00200000                linker_nvm_end = __main_flash_end__
                0x00200000                linker_nvm_begin = (linker_nvm_end - SIZEOF (.nvm))
                0x00000000                linker_nvm_size = SIZEOF (.nvm)
                0x00200000                linker_storage_end = linker_nvm_begin
                0x00200000                linker_storage_begin = (linker_storage_end - SIZEOF (.internal_storage))
                0x00000000                linker_storage_size = SIZEOF (.internal_storage)
                0x00200000                __nvm3Base = linker_nvm_begin
OUTPUT(Neopixel-UART.axf elf32-littlearm)
LOAD linker stubs

.ARM.attributes
                0x00000000       0x2e
 .ARM.attributes
                0x00000000       0x1e c:/siliconlabs/simplicitystudio/v5/developer/toolchains/gnu_arm/10.2_2020q4/bin/../lib/gcc/arm-none-eabi/10.2.1/thumb/v7e-m+fp/softfp/crti.o
 .ARM.attributes
                0x0000001e       0x32 c:/siliconlabs/simplicitystudio/v5/developer/toolchains/gnu_arm/10.2_2020q4/bin/../lib/gcc/arm-none-eabi/10.2.1/thumb/v7e-m+fp/softfp/crtbegin.o
 .ARM.attributes
                0x00000050       0x1c c:/siliconlabs/simplicitystudio/v5/developer/toolchains/gnu_arm/10.2_2020q4/bin/../lib/gcc/arm-none-eabi/10.2.1/../../../../arm-none-eabi/lib/thumb/v7e-m+fp/softfp/crt0.o
 .ARM.attributes
                0x0000006c       0x32 ./WS2812-Driver.o
 .ARM.attributes
                0x0000009e       0x32 ./app.o
 .ARM.attributes
                0x000000d0       0x32 ./colors.o
 .ARM.attributes
                0x00000102       0x32 ./main.o
 .ARM.attributes
                0x00000134       0x32 ./autogen/sl_board_default_init.o
 .ARM.attributes
                0x00000166       0x32 ./autogen/sl_device_init_clocks.o
 .ARM.attributes
                0x00000198       0x32 ./autogen/sl_event_handler.o
 .ARM.attributes
                0x000001ca       0x32 ./gecko_sdk_4.0.0/hardware/board/src/sl_board_control_gpio.o
 .ARM.attributes
                0x000001fc       0x32 ./gecko_sdk_4.0.0/hardware/board/src/sl_board_init.o
 .ARM.attributes
                0x0000022e       0x32 ./gecko_sdk_4.0.0/platform/Device/SiliconLabs/EFM32GG11B/Source/GCC/startup_efm32gg11b.o
 .ARM.attributes
                0x00000260       0x32 ./gecko_sdk_4.0.0/platform/Device/SiliconLabs/EFM32GG11B/Source/system_efm32gg11b.o
 .ARM.attributes
                0x00000292       0x32 ./gecko_sdk_4.0.0/platform/common/toolchain/src/sl_memory.o
 .ARM.attributes
                0x000002c4       0x32 ./gecko_sdk_4.0.0/platform/emlib/src/em_assert.o
 .ARM.attributes
                0x000002f6       0x32 ./gecko_sdk_4.0.0/platform/emlib/src/em_cmu.o
 .ARM.attributes
                0x00000328       0x32 ./gecko_sdk_4.0.0/platform/emlib/src/em_core.o
 .ARM.attributes
                0x0000035a       0x32 ./gecko_sdk_4.0.0/platform/emlib/src/em_emu.o
 .ARM.attributes
                0x0000038c       0x32 ./gecko_sdk_4.0.0/platform/emlib/src/em_gpio.o
 .ARM.attributes
                0x000003be       0x32 ./gecko_sdk_4.0.0/platform/emlib/src/em_ldma.o
 .ARM.attributes
                0x000003f0       0x32 ./gecko_sdk_4.0.0/platform/emlib/src/em_letimer.o
 .ARM.attributes
                0x00000422       0x32 ./gecko_sdk_4.0.0/platform/emlib/src/em_usart.o
 .ARM.attributes
                0x00000454       0x32 ./gecko_sdk_4.0.0/platform/service/device_init/src/sl_device_init_dcdc_s1.o
 .ARM.attributes
                0x00000486       0x32 ./gecko_sdk_4.0.0/platform/service/device_init/src/sl_device_init_emu_s1.o
 .ARM.attributes
                0x000004b8       0x32 ./gecko_sdk_4.0.0/platform/service/device_init/src/sl_device_init_hfxo_s1.o
 .ARM.attributes
                0x000004ea       0x32 ./gecko_sdk_4.0.0/platform/service/device_init/src/sl_device_init_lfxo_s1.o
 .ARM.attributes
                0x0000051c       0x32 ./gecko_sdk_4.0.0/platform/service/device_init/src/sl_device_init_nvic.o
 .ARM.attributes
                0x0000054e       0x32 ./gecko_sdk_4.0.0/platform/service/system/src/sl_system_init.o
 .ARM.attributes
                0x00000580       0x32 ./gecko_sdk_4.0.0/platform/service/system/src/sl_system_process_action.o
 .ARM.attributes
                0x000005b2       0x32 c:/siliconlabs/simplicitystudio/v5/developer/toolchains/gnu_arm/10.2_2020q4/bin/../lib/gcc/arm-none-eabi/10.2.1/../../../../arm-none-eabi/lib/thumb/v7e-m+fp/softfp\libc_nano.a(lib_a-exit.o)
 .ARM.attributes
                0x000005e4       0x30 c:/siliconlabs/simplicitystudio/v5/developer/toolchains/gnu_arm/10.2_2020q4/bin/../lib/gcc/arm-none-eabi/10.2.1/../../../../arm-none-eabi/lib/thumb/v7e-m+fp/softfp\libc_nano.a(lib_a-impure.o)
 .ARM.attributes
                0x00000614       0x32 c:/siliconlabs/simplicitystudio/v5/developer/toolchains/gnu_arm/10.2_2020q4/bin/../lib/gcc/arm-none-eabi/10.2.1/../../../../arm-none-eabi/lib/thumb/v7e-m+fp/softfp\libc_nano.a(lib_a-init.o)
 .ARM.attributes
                0x00000646       0x32 c:/siliconlabs/simplicitystudio/v5/developer/toolchains/gnu_arm/10.2_2020q4/bin/../lib/gcc/arm-none-eabi/10.2.1/../../../../arm-none-eabi/lib/thumb/v7e-m+fp/softfp\libc_nano.a(lib_a-memset.o)
 .ARM.attributes
                0x00000678       0x32 c:/siliconlabs/simplicitystudio/v5/developer/toolchains/gnu_arm/10.2_2020q4/bin/../lib/gcc/arm-none-eabi/10.2.1/../../../../arm-none-eabi/lib/thumb/v7e-m+fp/softfp\libc_nano.a(lib_a-rand.o)
 .ARM.attributes
                0x000006aa       0x32 c:/siliconlabs/simplicitystudio/v5/developer/toolchains/gnu_arm/10.2_2020q4/bin/../lib/gcc/arm-none-eabi/10.2.1/../../../../arm-none-eabi/lib/thumb/v7e-m+fp/softfp\libc_nano.a(lib_a-assert.o)
 .ARM.attributes
                0x000006dc       0x32 c:/siliconlabs/simplicitystudio/v5/developer/toolchains/gnu_arm/10.2_2020q4/bin/../lib/gcc/arm-none-eabi/10.2.1/../../../../arm-none-eabi/lib/thumb/v7e-m+fp/softfp\libc_nano.a(lib_a-fprintf.o)
 .ARM.attributes
                0x0000070e       0x32 c:/siliconlabs/simplicitystudio/v5/developer/toolchains/gnu_arm/10.2_2020q4/bin/../lib/gcc/arm-none-eabi/10.2.1/../../../../arm-none-eabi/lib/thumb/v7e-m+fp/softfp\libc_nano.a(lib_a-malloc.o)
 .ARM.attributes
                0x00000740       0x32 c:/siliconlabs/simplicitystudio/v5/developer/toolchains/gnu_arm/10.2_2020q4/bin/../lib/gcc/arm-none-eabi/10.2.1/../../../../arm-none-eabi/lib/thumb/v7e-m+fp/softfp\libc_nano.a(lib_a-nano-freer.o)
 .ARM.attributes
                0x00000772       0x32 c:/siliconlabs/simplicitystudio/v5/developer/toolchains/gnu_arm/10.2_2020q4/bin/../lib/gcc/arm-none-eabi/10.2.1/../../../../arm-none-eabi/lib/thumb/v7e-m+fp/softfp\libc_nano.a(lib_a-nano-mallocr.o)
 .ARM.attributes
                0x000007a4       0x32 c:/siliconlabs/simplicitystudio/v5/developer/toolchains/gnu_arm/10.2_2020q4/bin/../lib/gcc/arm-none-eabi/10.2.1/../../../../arm-none-eabi/lib/thumb/v7e-m+fp/softfp\libc_nano.a(lib_a-nano-vfprintf.o)
 .ARM.attributes
                0x000007d6       0x32 c:/siliconlabs/simplicitystudio/v5/developer/toolchains/gnu_arm/10.2_2020q4/bin/../lib/gcc/arm-none-eabi/10.2.1/../../../../arm-none-eabi/lib/thumb/v7e-m+fp/softfp\libc_nano.a(lib_a-nano-vfprintf_i.o)
 .ARM.attributes
                0x00000808       0x32 c:/siliconlabs/simplicitystudio/v5/developer/toolchains/gnu_arm/10.2_2020q4/bin/../lib/gcc/arm-none-eabi/10.2.1/../../../../arm-none-eabi/lib/thumb/v7e-m+fp/softfp\libc_nano.a(lib_a-sbrkr.o)
 .ARM.attributes
                0x0000083a       0x32 c:/siliconlabs/simplicitystudio/v5/developer/toolchains/gnu_arm/10.2_2020q4/bin/../lib/gcc/arm-none-eabi/10.2.1/../../../../arm-none-eabi/lib/thumb/v7e-m+fp/softfp\libc_nano.a(lib_a-wbuf.o)
 .ARM.attributes
                0x0000086c       0x32 c:/siliconlabs/simplicitystudio/v5/developer/toolchains/gnu_arm/10.2_2020q4/bin/../lib/gcc/arm-none-eabi/10.2.1/../../../../arm-none-eabi/lib/thumb/v7e-m+fp/softfp\libc_nano.a(lib_a-wsetup.o)
 .ARM.attributes
                0x0000089e       0x32 c:/siliconlabs/simplicitystudio/v5/developer/toolchains/gnu_arm/10.2_2020q4/bin/../lib/gcc/arm-none-eabi/10.2.1/../../../../arm-none-eabi/lib/thumb/v7e-m+fp/softfp\libc_nano.a(lib_a-abort.o)
 .ARM.attributes
                0x000008d0       0x32 c:/siliconlabs/simplicitystudio/v5/developer/toolchains/gnu_arm/10.2_2020q4/bin/../lib/gcc/arm-none-eabi/10.2.1/../../../../arm-none-eabi/lib/thumb/v7e-m+fp/softfp\libc_nano.a(lib_a-fflush.o)
 .ARM.attributes
                0x00000902       0x32 c:/siliconlabs/simplicitystudio/v5/developer/toolchains/gnu_arm/10.2_2020q4/bin/../lib/gcc/arm-none-eabi/10.2.1/../../../../arm-none-eabi/lib/thumb/v7e-m+fp/softfp\libc_nano.a(lib_a-findfp.o)
 .ARM.attributes
                0x00000934       0x32 c:/siliconlabs/simplicitystudio/v5/developer/toolchains/gnu_arm/10.2_2020q4/bin/../lib/gcc/arm-none-eabi/10.2.1/../../../../arm-none-eabi/lib/thumb/v7e-m+fp/softfp\libc_nano.a(lib_a-fwalk.o)
 .ARM.attributes
                0x00000966       0x32 c:/siliconlabs/simplicitystudio/v5/developer/toolchains/gnu_arm/10.2_2020q4/bin/../lib/gcc/arm-none-eabi/10.2.1/../../../../arm-none-eabi/lib/thumb/v7e-m+fp/softfp\libc_nano.a(lib_a-lock.o)
 .ARM.attributes
                0x00000998       0x32 c:/siliconlabs/simplicitystudio/v5/developer/toolchains/gnu_arm/10.2_2020q4/bin/../lib/gcc/arm-none-eabi/10.2.1/../../../../arm-none-eabi/lib/thumb/v7e-m+fp/softfp\libc_nano.a(lib_a-makebuf.o)
 .ARM.attributes
                0x000009ca       0x1c c:/siliconlabs/simplicitystudio/v5/developer/toolchains/gnu_arm/10.2_2020q4/bin/../lib/gcc/arm-none-eabi/10.2.1/../../../../arm-none-eabi/lib/thumb/v7e-m+fp/softfp\libc_nano.a(lib_a-memchr.o)
 .ARM.attributes
                0x000009e6       0x32 c:/siliconlabs/simplicitystudio/v5/developer/toolchains/gnu_arm/10.2_2020q4/bin/../lib/gcc/arm-none-eabi/10.2.1/../../../../arm-none-eabi/lib/thumb/v7e-m+fp/softfp\libc_nano.a(lib_a-mlock.o)
 .ARM.attributes
                0x00000a18       0x32 c:/siliconlabs/simplicitystudio/v5/developer/toolchains/gnu_arm/10.2_2020q4/bin/../lib/gcc/arm-none-eabi/10.2.1/../../../../arm-none-eabi/lib/thumb/v7e-m+fp/softfp\libc_nano.a(lib_a-reent.o)
 .ARM.attributes
                0x00000a4a       0x32 c:/siliconlabs/simplicitystudio/v5/developer/toolchains/gnu_arm/10.2_2020q4/bin/../lib/gcc/arm-none-eabi/10.2.1/../../../../arm-none-eabi/lib/thumb/v7e-m+fp/softfp\libc_nano.a(lib_a-signal.o)
 .ARM.attributes
                0x00000a7c       0x32 c:/siliconlabs/simplicitystudio/v5/developer/toolchains/gnu_arm/10.2_2020q4/bin/../lib/gcc/arm-none-eabi/10.2.1/../../../../arm-none-eabi/lib/thumb/v7e-m+fp/softfp\libc_nano.a(lib_a-signalr.o)
 .ARM.attributes
                0x00000aae       0x32 c:/siliconlabs/simplicitystudio/v5/developer/toolchains/gnu_arm/10.2_2020q4/bin/../lib/gcc/arm-none-eabi/10.2.1/../../../../arm-none-eabi/lib/thumb/v7e-m+fp/softfp\libc_nano.a(lib_a-stdio.o)
 .ARM.attributes
                0x00000ae0       0x32 c:/siliconlabs/simplicitystudio/v5/developer/toolchains/gnu_arm/10.2_2020q4/bin/../lib/gcc/arm-none-eabi/10.2.1/../../../../arm-none-eabi/lib/thumb/v7e-m+fp/softfp\libc_nano.a(lib_a-writer.o)
 .ARM.attributes
                0x00000b12       0x32 c:/siliconlabs/simplicitystudio/v5/developer/toolchains/gnu_arm/10.2_2020q4/bin/../lib/gcc/arm-none-eabi/10.2.1/../../../../arm-none-eabi/lib/thumb/v7e-m+fp/softfp\libc_nano.a(lib_a-closer.o)
 .ARM.attributes
                0x00000b44       0x32 c:/siliconlabs/simplicitystudio/v5/developer/toolchains/gnu_arm/10.2_2020q4/bin/../lib/gcc/arm-none-eabi/10.2.1/../../../../arm-none-eabi/lib/thumb/v7e-m+fp/softfp\libc_nano.a(lib_a-fstatr.o)
 .ARM.attributes
                0x00000b76       0x32 c:/siliconlabs/simplicitystudio/v5/developer/toolchains/gnu_arm/10.2_2020q4/bin/../lib/gcc/arm-none-eabi/10.2.1/../../../../arm-none-eabi/lib/thumb/v7e-m+fp/softfp\libc_nano.a(lib_a-isattyr.o)
 .ARM.attributes
                0x00000ba8       0x32 c:/siliconlabs/simplicitystudio/v5/developer/toolchains/gnu_arm/10.2_2020q4/bin/../lib/gcc/arm-none-eabi/10.2.1/../../../../arm-none-eabi/lib/thumb/v7e-m+fp/softfp\libc_nano.a(lib_a-lseekr.o)
 .ARM.attributes
                0x00000bda       0x32 c:/siliconlabs/simplicitystudio/v5/developer/toolchains/gnu_arm/10.2_2020q4/bin/../lib/gcc/arm-none-eabi/10.2.1/../../../../arm-none-eabi/lib/thumb/v7e-m+fp/softfp\libc_nano.a(lib_a-readr.o)
 .ARM.attributes
                0x00000c0c       0x32 c:/siliconlabs/simplicitystudio/v5/developer/toolchains/gnu_arm/10.2_2020q4/bin/../lib/gcc/arm-none-eabi/10.2.1/../../../../arm-none-eabi/lib/thumb/v7e-m+fp/softfp\libnosys.a(close.o)
 .ARM.attributes
                0x00000c3e       0x32 c:/siliconlabs/simplicitystudio/v5/developer/toolchains/gnu_arm/10.2_2020q4/bin/../lib/gcc/arm-none-eabi/10.2.1/../../../../arm-none-eabi/lib/thumb/v7e-m+fp/softfp\libnosys.a(fstat.o)
 .ARM.attributes
                0x00000c70       0x32 c:/siliconlabs/simplicitystudio/v5/developer/toolchains/gnu_arm/10.2_2020q4/bin/../lib/gcc/arm-none-eabi/10.2.1/../../../../arm-none-eabi/lib/thumb/v7e-m+fp/softfp\libnosys.a(getpid.o)
 .ARM.attributes
                0x00000ca2       0x32 c:/siliconlabs/simplicitystudio/v5/developer/toolchains/gnu_arm/10.2_2020q4/bin/../lib/gcc/arm-none-eabi/10.2.1/../../../../arm-none-eabi/lib/thumb/v7e-m+fp/softfp\libnosys.a(isatty.o)
 .ARM.attributes
                0x00000cd4       0x32 c:/siliconlabs/simplicitystudio/v5/developer/toolchains/gnu_arm/10.2_2020q4/bin/../lib/gcc/arm-none-eabi/10.2.1/../../../../arm-none-eabi/lib/thumb/v7e-m+fp/softfp\libnosys.a(kill.o)
 .ARM.attributes
                0x00000d06       0x32 c:/siliconlabs/simplicitystudio/v5/developer/toolchains/gnu_arm/10.2_2020q4/bin/../lib/gcc/arm-none-eabi/10.2.1/../../../../arm-none-eabi/lib/thumb/v7e-m+fp/softfp\libnosys.a(lseek.o)
 .ARM.attributes
                0x00000d38       0x32 c:/siliconlabs/simplicitystudio/v5/developer/toolchains/gnu_arm/10.2_2020q4/bin/../lib/gcc/arm-none-eabi/10.2.1/../../../../arm-none-eabi/lib/thumb/v7e-m+fp/softfp\libnosys.a(read.o)
 .ARM.attributes
                0x00000d6a       0x32 c:/siliconlabs/simplicitystudio/v5/developer/toolchains/gnu_arm/10.2_2020q4/bin/../lib/gcc/arm-none-eabi/10.2.1/../../../../arm-none-eabi/lib/thumb/v7e-m+fp/softfp\libnosys.a(write.o)
 .ARM.attributes
                0x00000d9c       0x32 c:/siliconlabs/simplicitystudio/v5/developer/toolchains/gnu_arm/10.2_2020q4/bin/../lib/gcc/arm-none-eabi/10.2.1/../../../../arm-none-eabi/lib/thumb/v7e-m+fp/softfp\libnosys.a(_exit.o)
 .ARM.attributes
                0x00000dce       0x1e c:/siliconlabs/simplicitystudio/v5/developer/toolchains/gnu_arm/10.2_2020q4/bin/../lib/gcc/arm-none-eabi/10.2.1/thumb/v7e-m+fp/softfp/crtn.o

.comment        0x00000000       0x4d
 .comment       0x00000000       0x4d ./WS2812-Driver.o
                                 0x4e (size before relaxing)
 .comment       0x0000004d       0x4e ./app.o
 .comment       0x0000004d       0x4e ./colors.o
 .comment       0x0000004d       0x4e ./main.o
 .comment       0x0000004d       0x4e ./autogen/sl_board_default_init.o
 .comment       0x0000004d       0x4e ./autogen/sl_device_init_clocks.o
 .comment       0x0000004d       0x4e ./autogen/sl_event_handler.o
 .comment       0x0000004d       0x4e ./gecko_sdk_4.0.0/hardware/board/src/sl_board_control_gpio.o
 .comment       0x0000004d       0x4e ./gecko_sdk_4.0.0/hardware/board/src/sl_board_init.o
 .comment       0x0000004d       0x4e ./gecko_sdk_4.0.0/platform/Device/SiliconLabs/EFM32GG11B/Source/GCC/startup_efm32gg11b.o
 .comment       0x0000004d       0x4e ./gecko_sdk_4.0.0/platform/Device/SiliconLabs/EFM32GG11B/Source/system_efm32gg11b.o
 .comment       0x0000004d       0x4e ./gecko_sdk_4.0.0/platform/common/toolchain/src/sl_memory.o
 .comment       0x0000004d       0x4e ./gecko_sdk_4.0.0/platform/emlib/src/em_assert.o
 .comment       0x0000004d       0x4e ./gecko_sdk_4.0.0/platform/emlib/src/em_cmu.o
 .comment       0x0000004d       0x4e ./gecko_sdk_4.0.0/platform/emlib/src/em_core.o
 .comment       0x0000004d       0x4e ./gecko_sdk_4.0.0/platform/emlib/src/em_emu.o
 .comment       0x0000004d       0x4e ./gecko_sdk_4.0.0/platform/emlib/src/em_gpio.o
 .comment       0x0000004d       0x4e ./gecko_sdk_4.0.0/platform/emlib/src/em_ldma.o
 .comment       0x0000004d       0x4e ./gecko_sdk_4.0.0/platform/emlib/src/em_letimer.o
 .comment       0x0000004d       0x4e ./gecko_sdk_4.0.0/platform/emlib/src/em_usart.o
 .comment       0x0000004d       0x4e ./gecko_sdk_4.0.0/platform/service/device_init/src/sl_device_init_dcdc_s1.o
 .comment       0x0000004d       0x4e ./gecko_sdk_4.0.0/platform/service/device_init/src/sl_device_init_emu_s1.o
 .comment       0x0000004d       0x4e ./gecko_sdk_4.0.0/platform/service/device_init/src/sl_device_init_hfxo_s1.o
 .comment       0x0000004d       0x4e ./gecko_sdk_4.0.0/platform/service/device_init/src/sl_device_init_lfxo_s1.o
 .comment       0x0000004d       0x4e ./gecko_sdk_4.0.0/platform/service/device_init/src/sl_device_init_nvic.o
 .comment       0x0000004d       0x4e ./gecko_sdk_4.0.0/platform/service/system/src/sl_system_init.o
 .comment       0x0000004d       0x4e ./gecko_sdk_4.0.0/platform/service/system/src/sl_system_process_action.o

.debug_info     0x00000000    0x15da9
 .debug_info    0x00000000     0x1741 ./WS2812-Driver.o
 .debug_info    0x00001741     0x190b ./app.o
 .debug_info    0x0000304c      0x1ac ./colors.o
 .debug_info    0x000031f8       0xb1 ./main.o
 .debug_info    0x000032a9       0x8a ./autogen/sl_board_default_init.o
 .debug_info    0x00003333      0x4b8 ./autogen/sl_device_init_clocks.o
 .debug_info    0x000037eb      0x9b8 ./autogen/sl_event_handler.o
 .debug_info    0x000041a3      0x56e ./gecko_sdk_4.0.0/hardware/board/src/sl_board_control_gpio.o
 .debug_info    0x00004711      0x3de ./gecko_sdk_4.0.0/hardware/board/src/sl_board_init.o
 .debug_info    0x00004aef      0x24e ./gecko_sdk_4.0.0/platform/Device/SiliconLabs/EFM32GG11B/Source/GCC/startup_efm32gg11b.o
 .debug_info    0x00004d3d      0xa52 ./gecko_sdk_4.0.0/platform/Device/SiliconLabs/EFM32GG11B/Source/system_efm32gg11b.o
 .debug_info    0x0000578f      0x209 ./gecko_sdk_4.0.0/platform/common/toolchain/src/sl_memory.o
 .debug_info    0x00005998       0x8a ./gecko_sdk_4.0.0/platform/emlib/src/em_assert.o
 .debug_info    0x00005a22     0x4d7e ./gecko_sdk_4.0.0/platform/emlib/src/em_cmu.o
 .debug_info    0x0000a7a0     0x11e3 ./gecko_sdk_4.0.0/platform/emlib/src/em_core.o
 .debug_info    0x0000b983     0x43b5 ./gecko_sdk_4.0.0/platform/emlib/src/em_emu.o
 .debug_info    0x0000fd38     0x10a6 ./gecko_sdk_4.0.0/platform/emlib/src/em_gpio.o
 .debug_info    0x00010dde     0x195a ./gecko_sdk_4.0.0/platform/emlib/src/em_ldma.o
 .debug_info    0x00012738      0x85a ./gecko_sdk_4.0.0/platform/emlib/src/em_letimer.o
 .debug_info    0x00012f92     0x1670 ./gecko_sdk_4.0.0/platform/emlib/src/em_usart.o
 .debug_info    0x00014602      0x271 ./gecko_sdk_4.0.0/platform/service/device_init/src/sl_device_init_dcdc_s1.o
 .debug_info    0x00014873      0x1e3 ./gecko_sdk_4.0.0/platform/service/device_init/src/sl_device_init_emu_s1.o
 .debug_info    0x00014a56      0x9c5 ./gecko_sdk_4.0.0/platform/service/device_init/src/sl_device_init_hfxo_s1.o
 .debug_info    0x0001541b      0x1b0 ./gecko_sdk_4.0.0/platform/service/device_init/src/sl_device_init_lfxo_s1.o
 .debug_info    0x000155cb      0x679 ./gecko_sdk_4.0.0/platform/service/device_init/src/sl_device_init_nvic.o
 .debug_info    0x00015c44       0xbe ./gecko_sdk_4.0.0/platform/service/system/src/sl_system_init.o
 .debug_info    0x00015d02       0xa7 ./gecko_sdk_4.0.0/platform/service/system/src/sl_system_process_action.o

.debug_abbrev   0x00000000     0x32e3
 .debug_abbrev  0x00000000      0x26a ./WS2812-Driver.o
 .debug_abbrev  0x0000026a      0x3c3 ./app.o
 .debug_abbrev  0x0000062d       0xed ./colors.o
 .debug_abbrev  0x0000071a       0x61 ./main.o
 .debug_abbrev  0x0000077b       0x49 ./autogen/sl_board_default_init.o
 .debug_abbrev  0x000007c4       0xd1 ./autogen/sl_device_init_clocks.o
 .debug_abbrev  0x00000895      0x14d ./autogen/sl_event_handler.o
 .debug_abbrev  0x000009e2      0x18e ./gecko_sdk_4.0.0/hardware/board/src/sl_board_control_gpio.o
 .debug_abbrev  0x00000b70       0xf2 ./gecko_sdk_4.0.0/hardware/board/src/sl_board_init.o
 .debug_abbrev  0x00000c62      0x157 ./gecko_sdk_4.0.0/platform/Device/SiliconLabs/EFM32GG11B/Source/GCC/startup_efm32gg11b.o
 .debug_abbrev  0x00000db9      0x239 ./gecko_sdk_4.0.0/platform/Device/SiliconLabs/EFM32GG11B/Source/system_efm32gg11b.o
 .debug_abbrev  0x00000ff2      0x121 ./gecko_sdk_4.0.0/platform/common/toolchain/src/sl_memory.o
 .debug_abbrev  0x00001113       0x6f ./gecko_sdk_4.0.0/platform/emlib/src/em_assert.o
 .debug_abbrev  0x00001182      0x550 ./gecko_sdk_4.0.0/platform/emlib/src/em_cmu.o
 .debug_abbrev  0x000016d2      0x316 ./gecko_sdk_4.0.0/platform/emlib/src/em_core.o
 .debug_abbrev  0x000019e8      0x57a ./gecko_sdk_4.0.0/platform/emlib/src/em_emu.o
 .debug_abbrev  0x00001f62      0x331 ./gecko_sdk_4.0.0/platform/emlib/src/em_gpio.o
 .debug_abbrev  0x00002293      0x410 ./gecko_sdk_4.0.0/platform/emlib/src/em_ldma.o
 .debug_abbrev  0x000026a3      0x2c8 ./gecko_sdk_4.0.0/platform/emlib/src/em_letimer.o
 .debug_abbrev  0x0000296b      0x319 ./gecko_sdk_4.0.0/platform/emlib/src/em_usart.o
 .debug_abbrev  0x00002c84       0xf6 ./gecko_sdk_4.0.0/platform/service/device_init/src/sl_device_init_dcdc_s1.o
 .debug_abbrev  0x00002d7a       0xf6 ./gecko_sdk_4.0.0/platform/service/device_init/src/sl_device_init_emu_s1.o
 .debug_abbrev  0x00002e70      0x169 ./gecko_sdk_4.0.0/platform/service/device_init/src/sl_device_init_hfxo_s1.o
 .debug_abbrev  0x00002fd9       0xf0 ./gecko_sdk_4.0.0/platform/service/device_init/src/sl_device_init_lfxo_s1.o
 .debug_abbrev  0x000030c9      0x156 ./gecko_sdk_4.0.0/platform/service/device_init/src/sl_device_init_nvic.o
 .debug_abbrev  0x0000321f       0x62 ./gecko_sdk_4.0.0/platform/service/system/src/sl_system_init.o
 .debug_abbrev  0x00003281       0x62 ./gecko_sdk_4.0.0/platform/service/system/src/sl_system_process_action.o

.debug_loc      0x00000000     0xa1e3
 .debug_loc     0x00000000      0x158 ./WS2812-Driver.o
 .debug_loc     0x00000158      0x1e5 ./app.o
 .debug_loc     0x0000033d       0x73 ./colors.o
 .debug_loc     0x000003b0       0x20 ./main.o
 .debug_loc     0x000003d0       0x20 ./autogen/sl_device_init_clocks.o
 .debug_loc     0x000003f0       0x2c ./autogen/sl_event_handler.o
 .debug_loc     0x0000041c      0x3d9 ./gecko_sdk_4.0.0/hardware/board/src/sl_board_control_gpio.o
 .debug_loc     0x000007f5       0x2c ./gecko_sdk_4.0.0/hardware/board/src/sl_board_init.o
 .debug_loc     0x00000821       0xda ./gecko_sdk_4.0.0/platform/Device/SiliconLabs/EFM32GG11B/Source/GCC/startup_efm32gg11b.o
 .debug_loc     0x000008fb       0xe5 ./gecko_sdk_4.0.0/platform/Device/SiliconLabs/EFM32GG11B/Source/system_efm32gg11b.o
 .debug_loc     0x000009e0       0x9c ./gecko_sdk_4.0.0/platform/common/toolchain/src/sl_memory.o
 .debug_loc     0x00000a7c       0x2a ./gecko_sdk_4.0.0/platform/emlib/src/em_assert.o
 .debug_loc     0x00000aa6     0x42ed ./gecko_sdk_4.0.0/platform/emlib/src/em_cmu.o
 .debug_loc     0x00004d93      0x931 ./gecko_sdk_4.0.0/platform/emlib/src/em_core.o
 .debug_loc     0x000056c4     0x29a7 ./gecko_sdk_4.0.0/platform/emlib/src/em_emu.o
 .debug_loc     0x0000806b      0xa42 ./gecko_sdk_4.0.0/platform/emlib/src/em_gpio.o
 .debug_loc     0x00008aad      0x63a ./gecko_sdk_4.0.0/platform/emlib/src/em_ldma.o
 .debug_loc     0x000090e7      0x4de ./gecko_sdk_4.0.0/platform/emlib/src/em_letimer.o
 .debug_loc     0x000095c5      0xa68 ./gecko_sdk_4.0.0/platform/emlib/src/em_usart.o
 .debug_loc     0x0000a02d       0x2c ./gecko_sdk_4.0.0/platform/service/device_init/src/sl_device_init_dcdc_s1.o
 .debug_loc     0x0000a059       0x2c ./gecko_sdk_4.0.0/platform/service/device_init/src/sl_device_init_emu_s1.o
 .debug_loc     0x0000a085       0x6b ./gecko_sdk_4.0.0/platform/service/device_init/src/sl_device_init_hfxo_s1.o
 .debug_loc     0x0000a0f0       0x2c ./gecko_sdk_4.0.0/platform/service/device_init/src/sl_device_init_lfxo_s1.o
 .debug_loc     0x0000a11c       0x6f ./gecko_sdk_4.0.0/platform/service/device_init/src/sl_device_init_nvic.o
 .debug_loc     0x0000a18b       0x2c ./gecko_sdk_4.0.0/platform/service/system/src/sl_system_init.o
 .debug_loc     0x0000a1b7       0x2c ./gecko_sdk_4.0.0/platform/service/system/src/sl_system_process_action.o

.debug_aranges  0x00000000      0x990
 .debug_aranges
                0x00000000       0x30 ./WS2812-Driver.o
 .debug_aranges
                0x00000030       0x48 ./app.o
 .debug_aranges
                0x00000078       0x20 ./colors.o
 .debug_aranges
                0x00000098       0x20 ./main.o
 .debug_aranges
                0x000000b8       0x20 ./autogen/sl_board_default_init.o
 .debug_aranges
                0x000000d8       0x20 ./autogen/sl_device_init_clocks.o
 .debug_aranges
                0x000000f8       0x30 ./autogen/sl_event_handler.o
 .debug_aranges
                0x00000128       0x70 ./gecko_sdk_4.0.0/hardware/board/src/sl_board_control_gpio.o
 .debug_aranges
                0x00000198       0x28 ./gecko_sdk_4.0.0/hardware/board/src/sl_board_init.o
 .debug_aranges
                0x000001c0       0x28 ./gecko_sdk_4.0.0/platform/Device/SiliconLabs/EFM32GG11B/Source/GCC/startup_efm32gg11b.o
 .debug_aranges
                0x000001e8       0x68 ./gecko_sdk_4.0.0/platform/Device/SiliconLabs/EFM32GG11B/Source/system_efm32gg11b.o
 .debug_aranges
                0x00000250       0x30 ./gecko_sdk_4.0.0/platform/common/toolchain/src/sl_memory.o
 .debug_aranges
                0x00000280       0x20 ./gecko_sdk_4.0.0/platform/emlib/src/em_assert.o
 .debug_aranges
                0x000002a0      0x198 ./gecko_sdk_4.0.0/platform/emlib/src/em_cmu.o
 .debug_aranges
                0x00000438       0xe8 ./gecko_sdk_4.0.0/platform/emlib/src/em_core.o
 .debug_aranges
                0x00000520      0x1a0 ./gecko_sdk_4.0.0/platform/emlib/src/em_emu.o
 .debug_aranges
                0x000006c0       0x70 ./gecko_sdk_4.0.0/platform/emlib/src/em_gpio.o
 .debug_aranges
                0x00000730       0x50 ./gecko_sdk_4.0.0/platform/emlib/src/em_ldma.o
 .debug_aranges
                0x00000780       0x78 ./gecko_sdk_4.0.0/platform/emlib/src/em_letimer.o
 .debug_aranges
                0x000007f8       0xb8 ./gecko_sdk_4.0.0/platform/emlib/src/em_usart.o
 .debug_aranges
                0x000008b0       0x20 ./gecko_sdk_4.0.0/platform/service/device_init/src/sl_device_init_dcdc_s1.o
 .debug_aranges
                0x000008d0       0x20 ./gecko_sdk_4.0.0/platform/service/device_init/src/sl_device_init_emu_s1.o
 .debug_aranges
                0x000008f0       0x20 ./gecko_sdk_4.0.0/platform/service/device_init/src/sl_device_init_hfxo_s1.o
 .debug_aranges
                0x00000910       0x20 ./gecko_sdk_4.0.0/platform/service/device_init/src/sl_device_init_lfxo_s1.o
 .debug_aranges
                0x00000930       0x20 ./gecko_sdk_4.0.0/platform/service/device_init/src/sl_device_init_nvic.o
 .debug_aranges
                0x00000950       0x20 ./gecko_sdk_4.0.0/platform/service/system/src/sl_system_init.o
 .debug_aranges
                0x00000970       0x20 ./gecko_sdk_4.0.0/platform/service/system/src/sl_system_process_action.o

.debug_ranges   0x00000000      0xf00
 .debug_ranges  0x00000000       0x20 ./WS2812-Driver.o
 .debug_ranges  0x00000020       0xa0 ./app.o
 .debug_ranges  0x000000c0       0x10 ./colors.o
 .debug_ranges  0x000000d0       0x10 ./main.o
 .debug_ranges  0x000000e0       0x10 ./autogen/sl_board_default_init.o
 .debug_ranges  0x000000f0       0x10 ./autogen/sl_device_init_clocks.o
 .debug_ranges  0x00000100       0x38 ./autogen/sl_event_handler.o
 .debug_ranges  0x00000138       0x60 ./gecko_sdk_4.0.0/hardware/board/src/sl_board_control_gpio.o
 .debug_ranges  0x00000198       0x18 ./gecko_sdk_4.0.0/hardware/board/src/sl_board_init.o
 .debug_ranges  0x000001b0       0x18 ./gecko_sdk_4.0.0/platform/Device/SiliconLabs/EFM32GG11B/Source/GCC/startup_efm32gg11b.o
 .debug_ranges  0x000001c8       0x58 ./gecko_sdk_4.0.0/platform/Device/SiliconLabs/EFM32GG11B/Source/system_efm32gg11b.o
 .debug_ranges  0x00000220       0x20 ./gecko_sdk_4.0.0/platform/common/toolchain/src/sl_memory.o
 .debug_ranges  0x00000240       0x10 ./gecko_sdk_4.0.0/platform/emlib/src/em_assert.o
 .debug_ranges  0x00000250      0x400 ./gecko_sdk_4.0.0/platform/emlib/src/em_cmu.o
 .debug_ranges  0x00000650      0x188 ./gecko_sdk_4.0.0/platform/emlib/src/em_core.o
 .debug_ranges  0x000007d8      0x430 ./gecko_sdk_4.0.0/platform/emlib/src/em_emu.o
 .debug_ranges  0x00000c08       0xc0 ./gecko_sdk_4.0.0/platform/emlib/src/em_gpio.o
 .debug_ranges  0x00000cc8       0x70 ./gecko_sdk_4.0.0/platform/emlib/src/em_ldma.o
 .debug_ranges  0x00000d38       0x68 ./gecko_sdk_4.0.0/platform/emlib/src/em_letimer.o
 .debug_ranges  0x00000da0       0xa8 ./gecko_sdk_4.0.0/platform/emlib/src/em_usart.o
 .debug_ranges  0x00000e48       0x10 ./gecko_sdk_4.0.0/platform/service/device_init/src/sl_device_init_dcdc_s1.o
 .debug_ranges  0x00000e58       0x10 ./gecko_sdk_4.0.0/platform/service/device_init/src/sl_device_init_emu_s1.o
 .debug_ranges  0x00000e68       0x10 ./gecko_sdk_4.0.0/platform/service/device_init/src/sl_device_init_hfxo_s1.o
 .debug_ranges  0x00000e78       0x10 ./gecko_sdk_4.0.0/platform/service/device_init/src/sl_device_init_lfxo_s1.o
 .debug_ranges  0x00000e88       0x58 ./gecko_sdk_4.0.0/platform/service/device_init/src/sl_device_init_nvic.o
 .debug_ranges  0x00000ee0       0x10 ./gecko_sdk_4.0.0/platform/service/system/src/sl_system_init.o
 .debug_ranges  0x00000ef0       0x10 ./gecko_sdk_4.0.0/platform/service/system/src/sl_system_process_action.o

.debug_macro    0x00000000    0x4eadb
 .debug_macro   0x00000000      0x3fd ./WS2812-Driver.o
 .debug_macro   0x000003fd      0xa84 ./WS2812-Driver.o
 .debug_macro   0x00000e81       0x10 ./WS2812-Driver.o
 .debug_macro   0x00000e91      0x5c8 ./WS2812-Driver.o
 .debug_macro   0x00001459       0x22 ./WS2812-Driver.o
 .debug_macro   0x0000147b       0x56 ./WS2812-Driver.o
 .debug_macro   0x000014d1       0x51 ./WS2812-Driver.o
 .debug_macro   0x00001522      0x103 ./WS2812-Driver.o
 .debug_macro   0x00001625       0x6a ./WS2812-Driver.o
 .debug_macro   0x0000168f      0x1df ./WS2812-Driver.o
 .debug_macro   0x0000186e       0x1c ./WS2812-Driver.o
 .debug_macro   0x0000188a       0x22 ./WS2812-Driver.o
 .debug_macro   0x000018ac       0xd9 ./WS2812-Driver.o
 .debug_macro   0x00001985      0xff5 ./WS2812-Driver.o
 .debug_macro   0x0000297a       0xe2 ./WS2812-Driver.o
 .debug_macro   0x00002a5c     0x12b5 ./WS2812-Driver.o
 .debug_macro   0x00003d11     0x3006 ./WS2812-Driver.o
 .debug_macro   0x00006d17      0x34c ./WS2812-Driver.o
 .debug_macro   0x00007063     0x4214 ./WS2812-Driver.o
 .debug_macro   0x0000b277     0x1b58 ./WS2812-Driver.o
 .debug_macro   0x0000cdcf     0x3243 ./WS2812-Driver.o
 .debug_macro   0x00010012     0x2922 ./WS2812-Driver.o
 .debug_macro   0x00012934     0x3445 ./WS2812-Driver.o
 .debug_macro   0x00015d79     0x2f71 ./WS2812-Driver.o
 .debug_macro   0x00018cea     0x269d ./WS2812-Driver.o
 .debug_macro   0x0001b387     0x27d9 ./WS2812-Driver.o
 .debug_macro   0x0001db60     0x1181 ./WS2812-Driver.o
 .debug_macro   0x0001ece1      0x344 ./WS2812-Driver.o
 .debug_macro   0x0001f025      0x29d ./WS2812-Driver.o
 .debug_macro   0x0001f2c2      0xda8 ./WS2812-Driver.o
 .debug_macro   0x0002006a     0x2078 ./WS2812-Driver.o
 .debug_macro   0x000220e2     0x2c38 ./WS2812-Driver.o
 .debug_macro   0x00024d1a     0x1850 ./WS2812-Driver.o
 .debug_macro   0x0002656a     0x113b ./WS2812-Driver.o
 .debug_macro   0x000276a5      0xd3a ./WS2812-Driver.o
 .debug_macro   0x000283df      0x249 ./WS2812-Driver.o
 .debug_macro   0x00028628      0xf9a ./WS2812-Driver.o
 .debug_macro   0x000295c2     0x1365 ./WS2812-Driver.o
 .debug_macro   0x0002a927     0x3e07 ./WS2812-Driver.o
 .debug_macro   0x0002e72e     0x22ba ./WS2812-Driver.o